Component: ARM Compiler 5.05 update 1 (build 106) Tool: armlink [4d0efa]

==============================================================================

Section Cross References

    main.o(.text) refers to bsp_debug_usart.o(.text) for Debug_USART_Config
    main.o(.text) refers to usart2.o(.text) for uart2_init
    main.o(.text) refers to usart.o(.text) for uart5_init
    main.o(.text) refers to common.o(.text) for delay_init
    main.o(.text) refers to init.o(.text) for SystemInitUser
    main.o(.text) refers to tim4.o(.text) for TIM4_Configuration
    main.o(.text) refers to stmflash.o(.text) for STMFLASH_Read
    main.o(.text) refers to timer.o(.text) for Pwm_Set
    main.o(.text) refers to motor.o(.text) for servo_Init
    main.o(.text) refers to 24l01.o(.text) for NRF24L01_Init
    main.o(.text) refers to printfa.o(i.__0printf) for __2printf
    main.o(.text) refers to usart6.o(.text) for uart6DMA_init
    main.o(.text) refers to imu.o(.text) for imuInit
    main.o(.text) refers to key.o(.text) for key_scan
    main.o(.text) refers to stm32f4xx_gpio.o(.text) for GPIO_ResetBits
    main.o(.text) refers to ltc2944.o(.bss) for ltc2944
    main.o(.text) refers to init.o(.bss) for DMA2packBuf
    main.o(.text) refers to key.o(.data) for keyup_data
    startup_stm32f40_41xxx.o(RESET) refers to startup_stm32f40_41xxx.o(STACK) for __initial_sp
    startup_stm32f40_41xxx.o(RESET) refers to startup_stm32f40_41xxx.o(.text) for Reset_Handler
    startup_stm32f40_41xxx.o(RESET) refers to stm32f4xx_it.o(.text) for NMI_Handler
    startup_stm32f40_41xxx.o(RESET) refers to 24l01.o(.text) for EXTI0_IRQHandler
    startup_stm32f40_41xxx.o(RESET) refers to tim4.o(.text) for TIM4_IRQHandler
    startup_stm32f40_41xxx.o(RESET) refers to bsp_debug_usart.o(.text) for USART1_IRQHandler
    startup_stm32f40_41xxx.o(RESET) refers to usart2.o(.text) for USART2_IRQHandler
    startup_stm32f40_41xxx.o(RESET) refers to timer.o(.text) for TIM5_IRQHandler
    startup_stm32f40_41xxx.o(RESET) refers to usart.o(.text) for UART5_IRQHandler
    startup_stm32f40_41xxx.o(RESET) refers to usart6.o(.text) for USART6_IRQHandler
    startup_stm32f40_41xxx.o(.text) refers to system_stm32f4xx.o(.text) for SystemInit
    startup_stm32f40_41xxx.o(.text) refers to entry.o(.ARM.Collect$$$$00000000) for __main
    system_stm32f4xx.o(.text) refers to system_stm32f4xx.o(.data) for SystemCoreClock
    bsp_debug_usart.o(.text) refers to misc.o(.text) for NVIC_PriorityGroupConfig
    bsp_debug_usart.o(.text) refers to stm32f4xx_rcc.o(.text) for RCC_AHB1PeriphClockCmd
    bsp_debug_usart.o(.text) refers to stm32f4xx_gpio.o(.text) for GPIO_Init
    bsp_debug_usart.o(.text) refers to stm32f4xx_usart.o(.text) for USART_Init
    24l01.o(.text) refers to stm32f4xx_spi.o(.text) for SPI_Cmd
    24l01.o(.text) refers to stm32f4xx_rcc.o(.text) for RCC_AHB1PeriphClockCmd
    24l01.o(.text) refers to stm32f4xx_gpio.o(.text) for GPIO_Init
    24l01.o(.text) refers to spi.o(.text) for SPI1_Init
    24l01.o(.text) refers to stm32f4xx_syscfg.o(.text) for SYSCFG_EXTILineConfig
    24l01.o(.text) refers to stm32f4xx_exti.o(.text) for EXTI_Init
    24l01.o(.text) refers to motor.o(.text) for Set_Spin
    24l01.o(.text) refers to memseta.o(.text) for __aeabi_memclr4
    24l01.o(.text) refers to motor.o(.data) for Key_flag
    24l01.o(.text) refers to 24l01.o(.data) for RX_DATA_RAW
    24l01.o(.text) refers to dflti.o(.text) for __aeabi_i2d
    24l01.o(.text) refers to ddiv.o(.text) for __aeabi_ddiv
    24l01.o(.text) refers to d2f.o(.text) for __aeabi_d2f
    24l01.o(.text) refers to f2d.o(.text) for __aeabi_f2d
    24l01.o(.text) refers to fabs.o(i.__hardfp_fabs) for __hardfp_fabs
    24l01.o(.text) refers to cdrcmple.o(.text) for __aeabi_cdrcmple
    24l01.o(.text) refers to common.o(.text) for delay_us
    24l01.o(.text) refers to memcpya.o(.text) for __aeabi_memcpy
    24l01.o(.text) refers to imu.o(.bss) for Eular
    24l01.o(.text) refers to 24l01.o(.constdata) for RX_ADDRESS
    24l01.o(.text) refers to rtk.o(.data) for latdir
    24l01.o(.text) refers to 24l01.o(.bss) for tx_info
    rtk.o(.text) refers to strtok.o(.text) for strtok
    rtk.o(.text) refers to atof.o(i.__hardfp_atof) for __hardfp_atof
    rtk.o(.text) refers to d2f.o(.text) for __aeabi_d2f
    rtk.o(.text) refers to memseta.o(.text) for __aeabi_memclr
    rtk.o(.text) refers to usart2.o(.data) for rec_complete
    rtk.o(.text) refers to rtk.o(.data) for utc
    rtk.o(.text) refers to usart2.o(.bss) for USART2_RX_BUF
    rtk.o(.data) refers to rtk.o(.conststring) for .conststring
    usart2.o(.text) refers to stm32f4xx_rcc.o(.text) for RCC_APB1PeriphClockCmd
    usart2.o(.text) refers to stm32f4xx_gpio.o(.text) for GPIO_PinAFConfig
    usart2.o(.text) refers to misc.o(.text) for NVIC_Init
    usart2.o(.text) refers to stm32f4xx_usart.o(.text) for USART_Init
    usart2.o(.text) refers to usart2.o(.data) for state_machine
    usart2.o(.text) refers to usart2.o(.bss) for USART2_RX_BUF
[...]
    _printf_ls                               0x00000000   Number         0  stubs.o ABSOLUTE
    _printf_mbtowc                           0x00000000   Number         0  stubs.o ABSOLUTE
    _printf_n                                0x00000000   Number         0  stubs.o ABSOLUTE
    _printf_o                                0x00000000   Number         0  stubs.o ABSOLUTE
    _printf_p                                0x00000000   Number         0  stubs.o ABSOLUTE
    _printf_percent                          0x00000000   Number         0  stubs.o ABSOLUTE
    _printf_pre_padding                      0x00000000   Number         0  stubs.o ABSOLUTE
    _printf_return_value                     0x00000000   Number         0  stubs.o ABSOLUTE
    _printf_s                                0x00000000   Number         0  stubs.o ABSOLUTE
    _printf_sizespec                         0x00000000   Number         0  stubs.o ABSOLUTE
    _printf_str                              0x00000000   Number         0  stubs.o ABSOLUTE
    _printf_truncate_signed                  0x00000000   Number         0  stubs.o ABSOLUTE
    _printf_truncate_unsigned                0x00000000   Number         0  stubs.o ABSOLUTE
    _printf_u                                0x00000000   Number         0  stubs.o ABSOLUTE
    _printf_wc                               0x00000000   Number         0  stubs.o ABSOLUTE
    _printf_wctomb                           0x00000000   Number         0  stubs.o ABSOLUTE
    _printf_widthprec                        0x00000000   Number         0  stubs.o ABSOLUTE
    _printf_x                                0x00000000   Number         0  stubs.o ABSOLUTE
    __cpp_initialize__aeabi_                  - Undefined Weak Reference
    __cxa_finalize                            - Undefined Weak Reference
    _clock_init                               - Undefined Weak Reference
    _microlib_exit                            - Undefined Weak Reference
    __Vectors_Size                           0x00000188   Number         0  startup_stm32f40_41xxx.o ABSOLUTE
    __Vectors                                0x08000000   Data           4  startup_stm32f40_41xxx.o(RESET)
    __Vectors_End                            0x08000188   Data           0  startup_stm32f40_41xxx.o(RESET)
    __main                                   0x08000189   Thumb Code     0  entry.o(.ARM.Collect$$$$00000000)
    _main_stk                                0x08000189   Thumb Code     0  entry2.o(.ARM.Collect$$$$00000001)
    _main_scatterload                        0x0800018d   Thumb Code     0  entry5.o(.ARM.Collect$$$$00000004)
    __main_after_scatterload                 0x08000191   Thumb Code     0  entry5.o(.ARM.Collect$$$$00000004)
    _main_clock                              0x08000191   Thumb Code     0  entry7b.o(.ARM.Collect$$$$00000008)
    _main_cpp_init                           0x08000191   Thumb Code     0  entry8b.o(.ARM.Collect$$$$0000000A)
    _main_init                               0x08000191   Thumb Code     0  entry9a.o(.ARM.Collect$$$$0000000B)
    __rt_final_cpp                           0x08000199   Thumb Code     0  entry10a.o(.ARM.Collect$$$$0000000D)
    __rt_final_exit                          0x08000199   Thumb Code     0  entry11a.o(.ARM.Collect$$$$0000000F)
    main                                     0x0800019d   Thumb Code   218  main.o(.text)
    NMI_Handler                              0x080002c1   Thumb Code     2  stm32f4xx_it.o(.text)
    HardFault_Handler                        0x080002c3   Thumb Code     4  stm32f4xx_it.o(.text)
    MemManage_Handler                        0x080002c7   Thumb Code     4  stm32f4xx_it.o(.text)
    BusFault_Handler                         0x080002cb   Thumb Code     4  stm32f4xx_it.o(.text)
    UsageFault_Handler                       0x080002cf   Thumb Code     4  stm32f4xx_it.o(.text)
    SVC_Handler                              0x080002d3   Thumb Code     2  stm32f4xx_it.o(.text)
    DebugMon_Handler                         0x080002d5   Thumb Code     2  stm32f4xx_it.o(.text)
    PendSV_Handler                           0x080002d7   Thumb Code     2  stm32f4xx_it.o(.text)
    SysTick_Handler                          0x080002d9   Thumb Code     2  stm32f4xx_it.o(.text)
    Reset_Handler                            0x080002dd   Thumb Code     8  startup_stm32f40_41xxx.o(.text)
    ADC_IRQHandler                           0x080002f7   Thumb Code     0  startup_stm32f40_41xxx.o(.text)
    CAN1_RX0_IRQHandler                      0x080002f7   Thumb Code     0  startup_stm32f40_41xxx.o(.text)
    CAN1_RX1_IRQHandler                      0x080002f7   Thumb Code     0  startup_stm32f40_41xxx.o(.text)
    CAN1_SCE_IRQHandler                      0x080002f7   Thumb Code     0  startup_stm32f40_41xxx.o(.text)
    CAN1_TX_IRQHandler                       0x080002f7   Thumb Code     0  startup_stm32f40_41xxx.o(.text)
    CAN2_RX0_IRQHandler                      0x080002f7   Thumb Code     0  startup_stm32f40_41xxx.o(.text)
    CAN2_RX1_IRQHandler                      0x080002f7   Thumb Code     0  startup_stm32f40_41xxx.o(.text)
    CAN2_SCE_IRQHandler                      0x080002f7   Thumb Code     0  startup_stm32f40_41xxx.o(.text)
    CAN2_TX_IRQHandler                       0x080002f7   Thumb Code     0  startup_stm32f40_41xxx.o(.text)
    CRYP_IRQHandler                          0x080002f7   Thumb Code     0  startup_stm32f40_41xxx.o(.text)
    DCMI_IRQHandler                          0x080002f7   Thumb Code     0  startup_stm32f40_41xxx.o(.text)
    DMA1_Stream0_IRQHandler                  0x080002f7   Thumb Code     0  startup_stm32f40_41xxx.o(.text)
    DMA1_Stream1_IRQHandler                  0x080002f7   Thumb Code     0  startup_stm32f40_41xxx.o(.text)
    DMA1_Stream2_IRQHandler                  0x080002f7   Thumb Code     0  startup_stm32f40_41xxx.o(.text)
    DMA1_Stream3_IRQHandler                  0x080002f7   Thumb Code     0  startup_stm32f40_41xxx.o(.text)
    DMA1_Stream4_IRQHandler                  0x080002f7   Thumb Code     0  startup_stm32f40_41xxx.o(.text)
    DMA1_Stream5_IRQHandler                  0x080002f7   Thumb Code     0  startup_stm32f40_41xxx.o(.text)
    DMA1_Stream6_IRQHandler                  0x080002f7   Thumb Code     0  startup_stm32f40_41xxx.o(.text)
    DMA1_Stream7_IRQHandler                  0x080002f7   Thumb Code     0  startup_stm32f40_41xxx.o(.text)
    DMA2_Stream0_IRQHandler                  0x080002f7   Thumb Code     0  startup_stm32f40_41xxx.o(.text)
    DMA2_Stream1_IRQHandler                  0x080002f7   Thumb Code     0  startup_stm32f40_41xxx.o(.text)
    DMA2_Stream2_IRQHandler                  0x080002f7   Thumb Code     0  startup_stm32f40_41xxx.o(.text)
    DMA2_Stream3_IRQHandler                  0x080002f7   Thumb Code     0  startup_stm32f40_41xxx.o(.text)
    DMA2_Stream4_IRQHandler                  0x080002f7   Thumb Code     0  startup_stm32f40_41xxx.o(.text)
    DMA2_Stream5_IRQHandler                  0x080002f7   Thumb Code     0  startup_stm32f40_41xxx.o(.text)
    DMA2_Stream6_IRQHandler                  0x080002f7   Thumb Code     0  startup_stm32f40_41xxx.o(.text)
    DMA2_Stream7_IRQHandler                  0x080002f7   Thumb Code     0  startup_stm32f40_41xxx.o(.text)
    ETH_IRQHandler                           0x080002f7   Thumb Code     0  startup_stm32f40_41xxx.o(.text)
    ETH_WKUP_IRQHandler                      0x080002f7   Thumb Code     0  startup_stm32f40_41xxx.o(.text)
    EXTI15_10_IRQHandler                     0x080002f7   Thumb Code     0  startup_stm32f40_41xxx.o(.text)
    EXTI1_IRQHandler                         0x080002f7   Thumb Code     0  startup_stm32f40_41xxx.o(.text)
    EXTI2_IRQHandler                         0x080002f7   Thumb Code     0  startup_stm32f40_41xxx.o(.text)
    EXTI3_IRQHandler                         0x080002f7   Thumb Code     0  startup_stm32f40_41xxx.o(.text)
    EXTI9_5_IRQHandler                       0x080002f7   Thumb Code     0  startup_stm32f40_41xxx.o(.text)
    FLASH_IRQHandler                         0x080002f7   Thumb Code     0  startup_stm32f40_41xxx.o(.text)
    FPU_IRQHandler                           0x080002f7   Thumb Code     0  startup_stm32f40_41xxx.o(.text)
    FSMC_IRQHandler                          0x080002f7   Thumb Code     0  startup_stm32f40_41xxx.o(.text)
    HASH_RNG_IRQHandler                      0x080002f7   Thumb Code     0  startup_stm32f40_41xxx.o(.text)
    I2C1_ER_IRQHandler                       0x080002f7   Thumb Code     0  startup_stm32f40_41xxx.o(.text)
    I2C1_EV_IRQHandler                       0x080002f7   Thumb Code     0  startup_stm32f40_41xxx.o(.text)
    I2C2_ER_IRQHandler                       0x080002f7   Thumb Code     0  startup_stm32f40_41xxx.o(.text)
    I2C2_EV_IRQHandler                       0x080002f7   Thumb Code     0  startup_stm32f40_41xxx.o(.text)
    I2C3_ER_IRQHandler                       0x080002f7   Thumb Code     0  startup_stm32f40_41xxx.o(.text)
    I2C3_EV_IRQHandler                       0x080002f7   Thumb Code     0  startup_stm32f40_41xxx.o(.text)
    OTG_FS_IRQHandler                        0x080002f7   Thumb Code     0  startup_stm32f40_41xxx.o(.text)
    OTG_FS_WKUP_IRQHandler                   0x080002f7   Thumb Code     0  startup_stm32f40_41xxx.o(.text)
    OTG_HS_EP1_IN_IRQHandler                 0x080002f7   Thumb Code     0  startup_stm32f40_41xxx.o(.text)
    OTG_HS_EP1_OUT_IRQHandler                0x080002f7   Thumb Code     0  startup_stm32f40_41xxx.o(.text)
    OTG_HS_IRQHandler                        0x080002f7   Thumb Code     0  startup_stm32f40_41xxx.o(.text)
    OTG_HS_WKUP_IRQHandler                   0x080002f7   Thumb Code     0  startup_stm32f40_41xxx.o(.text)
    PVD_IRQHandler                           0x080002f7   Thumb Code     0  startup_stm32f40_41xxx.o(.text)
    RCC_IRQHandler                           0x080002f7   Thumb Code     0  startup_stm32f40_41xxx.o(.text)
    RTC_Alarm_IRQHandler                     0x080002f7   Thumb Code     0  startup_stm32f40_41xxx.o(.text)
    RTC_WKUP_IRQHandler                      0x080002f7   Thumb Code     0  startup_stm32f40_41xxx.o(.text)
    SDIO_IRQHandler                          0x080002f7   Thumb Code     0  startup_stm32f40_41xxx.o(.text)
    SPI1_IRQHandler                          0x080002f7   Thumb Code     0  startup_stm32f40_41xxx.o(.text)
    SPI2_IRQHandler                          0x080002f7   Thumb Code     0  startup_stm32f40_41xxx.o(.text)
    SPI3_IRQHandler                          0x080002f7   Thumb Code     0  startup_stm32f40_41xxx.o(.text)
    TAMP_STAMP_IRQHandler                    0x080002f7   Thumb Code     0  startup_stm32f40_41xxx.o(.text)
    TIM1_BRK_TIM9_IRQHandler                 0x080002f7   Thumb Code     0  startup_stm32f40_41xxx.o(.text)
    TIM1_CC_IRQHandler                       0x080002f7   Thumb Code     0  startup_stm32f40_41xxx.o(.text)
    TIM1_TRG_COM_TIM11_IRQHandler            0x080002f7   Thumb Code     0  startup_stm32f40_41xxx.o(.text)
    TIM1_UP_TIM10_IRQHandler                 0x080002f7   Thumb Code     0  startup_stm32f40_41xxx.o(.text)
    TIM2_IRQHandler                          0x080002f7   Thumb Code     0  startup_stm32f40_41xxx.o(.text)
    TIM3_IRQHandler                          0x080002f7   Thumb Code     0  startup_stm32f40_41xxx.o(.text)
    TIM6_DAC_IRQHandler                      0x080002f7   Thumb Code     0  startup_stm32f40_41xxx.o(.text)
    TIM7_IRQHandler                          0x080002f7   Thumb Code     0  startup_stm32f40_41xxx.o(.text)
    TIM8_BRK_TIM12_IRQHandler                0x080002f7   Thumb Code     0  startup_stm32f40_41xxx.o(.text)
    TIM8_CC_IRQHandler                       0x080002f7   Thumb Code     0  startup_stm32f40_41xxx.o(.text)
    TIM8_TRG_COM_TIM14_IRQHandler            0x080002f7   Thumb Code     0  startup_stm32f40_41xxx.o(.text)
    TIM8_UP_TIM13_IRQHandler                 0x080002f7   Thumb Code     0  startup_stm32f40_41xxx.o(.text)
    UART4_IRQHandler                         0x080002f7   Thumb Code     0  startup_stm32f40_41xxx.o(.text)
    USART3_IRQHandler                        0x080002f7   Thumb Code     0  startup_stm32f40_41xxx.o(.text)
    WWDG_IRQHandler                          0x080002f7   Thumb Code     0  startup_stm32f40_41xxx.o(.text)
    SystemInit                               0x080003dd   Thumb Code    88  system_stm32f4xx.o(.text)
    SystemCoreClockUpdate                    0x08000435   Thumb Code   174  system_stm32f4xx.o(.text)
    Debug_USART_Config                       0x08000537   Thumb Code   158  bsp_debug_usart.o(.text)
    USART1_IRQHandler                        0x080005d5   Thumb Code    14  bsp_debug_usart.o(.text)
    Usart_SendByte                           0x080005e3   Thumb Code    30  bsp_debug_usart.o(.text)
    Usart_SendString                         0x08000601   Thumb Code    42  bsp_debug_usart.o(.text)
    Usart_SendHalfWord                       0x0800062b   Thumb Code    60  bsp_debug_usart.o(.text)
    fputc                                    0x08000667   Thumb Code    32  bsp_debug_usart.o(.text)
    fgetc                                    0x08000687   Thumb Code    26  bsp_debug_usart.o(.text)
    NRF24L01_SPI_Init                        0x080006a9   Thumb Code    86  24l01.o(.text)
    NRF24L01_Init                            0x080006ff   Thumb Code   206  24l01.o(.text)
    EXTI8_Init                               0x080007cd   Thumb Code    42  24l01.o(.text)
    EXTI0_Init                               0x080007f7   Thumb Code    46  24l01.o(.text)
    EXTI4_Init                               0x08000825   Thumb Code    46  24l01.o(.text)
    NRF24L01_Read_Buf                        0x08000853   Thumb Code    60  24l01.o(.text)
    NRF24L01_Write_Buf                       0x0800088f   Thumb Code    60  24l01.o(.text)
    NRF24L01_Check                           0x080008cb   Thumb Code    72  24l01.o(.text)
    NRF24L01_Write_Reg                       0x08000913   Thumb Code    40  24l01.o(.text)
    NRF24L01_Read_Reg                        0x0800093b   Thumb Code    38  24l01.o(.text)
    NRF24L01_TxPacket                        0x08000961   Thumb Code   108  24l01.o(.text)
    Key_Control                              0x080009cd   Thumb Code   148  24l01.o(.text)
    NRF_DEAL_RX                              0x08000a61   Thumb Code   490  24l01.o(.text)
    NRF24L01_RxPacket                        0x08000c4b   Thumb Code    72  24l01.o(.text)
    NRF24L01_RX_Mode                         0x08000c93   Thumb Code    76  24l01.o(.text)
    NRF24L01_TX_Mode                         0x08000cdf   Thumb Code    86  24l01.o(.text)
    NRF24L01_RT_Mode                         0x08000d35   Thumb Code   102  24l01.o(.text)
    SEND_BUF                                 0x08000d9b   Thumb Code    68  24l01.o(.text)
    RECEIVE_BUF                              0x08000ddf   Thumb Code    12  24l01.o(.text)
    EXTI0_IRQHandler                         0x08000deb   Thumb Code    18  24l01.o(.text)
    EXTI4_IRQHandler                         0x08000dfd   Thumb Code    30  24l01.o(.text)
    float2byte                               0x08000e1b   Thumb Code    22  24l01.o(.text)
    sendActYaw                               0x08000e31   Thumb Code   134  24l01.o(.text)
    get_tx_info                              0x08000eb7   Thumb Code   204  24l01.o(.text)
    gen_tx_packets                           0x08000f83   Thumb Code   156  24l01.o(.text)
    byte2float                               0x0800101f   Thumb Code    16  24l01.o(.text)
    data_analysis                            0x0800103d   Thumb Code    56  rtk.o(.text)
    RTK_DATA                                 0x08001075   Thumb Code   114  rtk.o(.text)
    uart2_init                               0x08001111   Thumb Code   154  usart2.o(.text)
    USART2_IRQHandler                        0x080011ab   Thumb Code   366  usart2.o(.text)
    SPI1_ReadWriteByte                       0x0800133d   Thumb Code    50  spi.o(.text)
    SPI1_Init                                0x0800136f   Thumb Code   186  spi.o(.text)
    SPI1_SetSpeed                            0x08001429   Thumb Code    36  spi.o(.text)
    KEY_Init                                 0x08001455   Thumb Code    44  key.o(.text)
    key_scan                                 0x08001481   Thumb Code   176  key.o(.text)
    i2c_read_word_data                       0x0800154d   Thumb Code   118  ltc2944.o(.text)
    LTC2944_read_16_bits                     0x080015c3   Thumb Code    56  ltc2944.o(.text)
    i2c_write_byte_data                      0x080015fb   Thumb Code    68  ltc2944.o(.text)
    WakeUp_AnalogPart                        0x0800163f   Thumb Code    18  ltc2944.o(.text)
    LTC2944_Init                             0x08001651   Thumb Code   108  ltc2944.o(.text)
    i2c_read_byte_data                       0x080016bd   Thumb Code   100  ltc2944.o(.text)
    i2c_read_block_data                      0x08001721   Thumb Code   130  ltc2944.o(.text)
    LTC2944_read                             0x080017a3   Thumb Code    28  ltc2944.o(.text)
    i2c_write_word_data                      0x080017bf   Thumb Code    96  ltc2944.o(.text)
    i2c_write_block_data                     0x0800181f   Thumb Code    98  ltc2944.o(.text)
    LTC2944_write                            0x08001881   Thumb Code    28  ltc2944.o(.text)
    LTC2944_write_16_bits                    0x0800189d   Thumb Code    28  ltc2944.o(.text)
    LTC2944_code_to_voltage                  0x080018b9   Thumb Code    30  ltc2944.o(.text)
    LTC2944_code_to_current                  0x080018d7   Thumb Code    46  ltc2944.o(.text)
    LTC2944_code_to_mAh                      0x08001905   Thumb Code   114  ltc2944.o(.text)
    CHARGR_DATA                              0x08001977   Thumb Code   150  ltc2944.o(.text)
    LSDA_OUT                                 0x08001a0d   Thumb Code    40  ltciic.o(.text)
    LSDA_IN                                  0x08001a35   Thumb Code    40  ltciic.o(.text)
    LIIC_Start                               0x08001a5d   Thumb Code    46  ltciic.o(.text)
    LIIC_Stop                                0x08001a8b   Thumb Code    48  ltciic.o(.text)
    LIIC_Wait_Ack                            0x08001abb   Thumb Code    68  ltciic.o(.text)
    LIIC_Ack                                 0x08001aff   Thumb Code    52  ltciic.o(.text)
    LIIC_NAck                                0x08001b33   Thumb Code    52  ltciic.o(.text)
    LIIC_Send_Byte                           0x08001b67   Thumb Code    74  ltciic.o(.text)
    LIIC_Read_Byte                           0x08001bb1   Thumb Code    82  ltciic.o(.text)
    STMFLASH_GetFlashSector                  0x08001c11   Thumb Code   116  stmflash.o(.text)
    STMFLASH_ReadWord                        0x08001c85   Thumb Code     6  stmflash.o(.text)
    STMFLASH_Read                            0x08001c8b   Thumb Code    34  stmflash.o(.text)
    STMFLASH_Write                           0x08001cad   Thumb Code   110  stmflash.o(.text)
    uart5_init                               0x08001d49   Thumb Code   200  usart.o(.text)
    UART5_IRQHandler                         0x08001e11   Thumb Code   182  usart.o(.text)
    POS_DATA                                 0x08001ec7   Thumb Code   162  usart.o(.text)
    TIM4_Configuration                       0x080020ff   Thumb Code    16  tim4.o(.text)
    TIM4_IRQHandler                          0x0800210f   Thumb Code   446  tim4.o(.text)
    imuInit                                  0x08002315   Thumb Code    20  imu.o(.text)
    imuStart                                 0x08002329   Thumb Code    22  imu.o(.text)
    imuStop                                  0x0800233f   Thumb Code    24  imu.o(.text)
    imuCalibration                           0x08002357   Thumb Code    24  imu.o(.text)
    imuSaceCfg                               0x0800236f   Thumb Code    24  imu.o(.text)
    imuAnalysisData                          0x08002387   Thumb Code   838  imu.o(.text)
    imuReadYaw                               0x080026cd   Thumb Code   132  imu.o(.text)
    imuReadPitch                             0x08002751   Thumb Code    16  imu.o(.text)
    imuReadRoll                              0x08002761   Thumb Code    16  imu.o(.text)
    imuReadAx                                0x08002771   Thumb Code    16  imu.o(.text)
    imuReadAy                                0x08002781   Thumb Code    16  imu.o(.text)
    imuReadAz                                0x08002791   Thumb Code    16  imu.o(.text)
    imuReadGx                                0x080027a1   Thumb Code    16  imu.o(.text)
    imuReadGy                                0x080027b1   Thumb Code    16  imu.o(.text)
    imuReadGz                                0x080027c1   Thumb Code    16  imu.o(.text)
    uart6DMA_init                            0x080027d5   Thumb Code   194  usart6.o(.text)
    USART6_IRQHandler                        0x08002897   Thumb Code   120  usart6.o(.text)
    NVIC_PriorityGroupConfig                 0x08002935   Thumb Code    10  misc.o(.text)
    NVIC_Init                                0x0800293f   Thumb Code   106  misc.o(.text)
    NVIC_SetVectorTable                      0x080029a9   Thumb Code    14  misc.o(.text)
    NVIC_SystemLPConfig                      0x080029b7   Thumb Code    34  misc.o(.text)
    SysTick_CLKSourceConfig                  0x080029d9   Thumb Code    40  misc.o(.text)
    GPIO_DeInit                              0x08002a15   Thumb Code   268  stm32f4xx_gpio.o(.text)
    GPIO_Init                                0x08002b21   Thumb Code   144  stm32f4xx_gpio.o(.text)
    GPIO_StructInit                          0x08002bb1   Thumb Code    18  stm32f4xx_gpio.o(.text)
    GPIO_PinLockConfig                       0x08002bc3   Thumb Code    34  stm32f4xx_gpio.o(.text)
    GPIO_ReadInputDataBit                    0x08002be5   Thumb Code    18  stm32f4xx_gpio.o(.text)
    GPIO_ReadInputData                       0x08002bf7   Thumb Code     8  stm32f4xx_gpio.o(.text)
    GPIO_ReadOutputDataBit                   0x08002bff   Thumb Code    18  stm32f4xx_gpio.o(.text)
    GPIO_ReadOutputData                      0x08002c11   Thumb Code     8  stm32f4xx_gpio.o(.text)
    GPIO_SetBits                             0x08002c19   Thumb Code     4  stm32f4xx_gpio.o(.text)
    GPIO_ResetBits                           0x08002c1d   Thumb Code     4  stm32f4xx_gpio.o(.text)
    GPIO_WriteBit                            0x08002c21   Thumb Code    10  stm32f4xx_gpio.o(.text)
    GPIO_Write                               0x08002c2b   Thumb Code     4  stm32f4xx_gpio.o(.text)
    GPIO_ToggleBits                          0x08002c2f   Thumb Code     8  stm32f4xx_gpio.o(.text)
    GPIO_PinAFConfig                         0x08002c37   Thumb Code    70  stm32f4xx_gpio.o(.text)
    RCC_DeInit                               0x08002ca9   Thumb Code    82  stm32f4xx_rcc.o(.text)
    RCC_HSEConfig                            0x08002cfb   Thumb Code    14  stm32f4xx_rcc.o(.text)
    RCC_GetFlagStatus                        0x08002d09   Thumb Code    60  stm32f4xx_rcc.o(.text)
    RCC_WaitForHSEStartUp                    0x08002d45   Thumb Code    56  stm32f4xx_rcc.o(.text)
    RCC_AdjustHSICalibrationValue            0x08002d7d   Thumb Code    20  stm32f4xx_rcc.o(.text)
    RCC_HSICmd                               0x08002d91   Thumb Code     6  stm32f4xx_rcc.o(.text)
    RCC_LSEConfig                            0x08002d97   Thumb Code    46  stm32f4xx_rcc.o(.text)
    RCC_LSICmd                               0x08002dc5   Thumb Code     6  stm32f4xx_rcc.o(.text)
    RCC_PLLConfig                            0x08002dcb   Thumb Code    32  stm32f4xx_rcc.o(.text)
    RCC_PLLCmd                               0x08002deb   Thumb Code     6  stm32f4xx_rcc.o(.text)
    RCC_PLLI2SConfig                         0x08002df1   Thumb Code    14  stm32f4xx_rcc.o(.text)
    RCC_PLLI2SCmd                            0x08002dff   Thumb Code     6  stm32f4xx_rcc.o(.text)
    RCC_PLLSAIConfig                         0x08002e05   Thumb Code    20  stm32f4xx_rcc.o(.text)
    RCC_PLLSAICmd                            0x08002e19   Thumb Code     6  stm32f4xx_rcc.o(.text)
    RCC_ClockSecuritySystemCmd               0x08002e1f   Thumb Code     6  stm32f4xx_rcc.o(.text)
    RCC_MCO1Config                           0x08002e25   Thumb Code    28  stm32f4xx_rcc.o(.text)
    RCC_MCO2Config                           0x08002e41   Thumb Code    28  stm32f4xx_rcc.o(.text)
    RCC_SYSCLKConfig                         0x08002e5d   Thumb Code    20  stm32f4xx_rcc.o(.text)
    RCC_GetSYSCLKSource                      0x08002e71   Thumb Code    12  stm32f4xx_rcc.o(.text)
    RCC_HCLKConfig                           0x08002e7d   Thumb Code    20  stm32f4xx_rcc.o(.text)
    RCC_PCLK1Config                          0x08002e91   Thumb Code    20  stm32f4xx_rcc.o(.text)
    RCC_PCLK2Config                          0x08002ea5   Thumb Code    22  stm32f4xx_rcc.o(.text)
    RCC_GetClocksFreq                        0x08002ebb   Thumb Code   222  stm32f4xx_rcc.o(.text)
    RCC_RTCCLKConfig                         0x08002f99   Thumb Code    54  stm32f4xx_rcc.o(.text)
    RCC_RTCCLKCmd                            0x08002fcf   Thumb Code     8  stm32f4xx_rcc.o(.text)
    RCC_BackupResetCmd                       0x08002fd7   Thumb Code     8  stm32f4xx_rcc.o(.text)
    RCC_I2SCLKConfig                         0x08002fdf   Thumb Code     6  stm32f4xx_rcc.o(.text)
    RCC_SAIPLLI2SClkDivConfig                0x08002fe5   Thumb Code    26  stm32f4xx_rcc.o(.text)
    RCC_SAIPLLSAIClkDivConfig                0x08002fff   Thumb Code    28  stm32f4xx_rcc.o(.text)
    RCC_SAIBlockACLKConfig                   0x0800301b   Thumb Code    20  stm32f4xx_rcc.o(.text)
    RCC_SAIBlockBCLKConfig                   0x0800302f   Thumb Code    20  stm32f4xx_rcc.o(.text)
    RCC_LTDCCLKDivConfig                     0x08003043   Thumb Code    20  stm32f4xx_rcc.o(.text)
    RCC_TIMCLKPresConfig                     0x08003057   Thumb Code     6  stm32f4xx_rcc.o(.text)
    RCC_AHB1PeriphClockCmd                   0x0800305d   Thumb Code    34  stm32f4xx_rcc.o(.text)
    RCC_AHB2PeriphClockCmd                   0x0800307f   Thumb Code    78  stm32f4xx_rcc.o(.text)
    RCC_AHB3PeriphClockCmd                   0x080030cd   Thumb Code    34  stm32f4xx_rcc.o(.text)
    RCC_APB1PeriphClockCmd                   0x080030ef   Thumb Code    34  stm32f4xx_rcc.o(.text)
    RCC_APB2PeriphClockCmd                   0x08003111   Thumb Code    34  stm32f4xx_rcc.o(.text)
    RCC_AHB1PeriphResetCmd                   0x08003133   Thumb Code    34  stm32f4xx_rcc.o(.text)
    RCC_AHB2PeriphResetCmd                   0x08003155   Thumb Code    34  stm32f4xx_rcc.o(.text)
    RCC_AHB3PeriphResetCmd                   0x08003177   Thumb Code    34  stm32f4xx_rcc.o(.text)
    RCC_APB1PeriphResetCmd                   0x08003199   Thumb Code    34  stm32f4xx_rcc.o(.text)
    RCC_APB2PeriphResetCmd                   0x080031bb   Thumb Code    34  stm32f4xx_rcc.o(.text)
    RCC_AHB1PeriphClockLPModeCmd             0x080031dd   Thumb Code    34  stm32f4xx_rcc.o(.text)
    RCC_AHB2PeriphClockLPModeCmd             0x080031ff   Thumb Code    34  stm32f4xx_rcc.o(.text)
    RCC_AHB3PeriphClockLPModeCmd             0x08003221   Thumb Code    34  stm32f4xx_rcc.o(.text)
    RCC_APB1PeriphClockLPModeCmd             0x08003243   Thumb Code    34  stm32f4xx_rcc.o(.text)
    RCC_APB2PeriphClockLPModeCmd             0x08003265   Thumb Code    34  stm32f4xx_rcc.o(.text)
    RCC_LSEModeConfig                        0x08003287   Thumb Code    40  stm32f4xx_rcc.o(.text)
    RCC_ITConfig                             0x080032af   Thumb Code    34  stm32f4xx_rcc.o(.text)
    RCC_ClearFlag                            0x080032d1   Thumb Code    18  stm32f4xx_rcc.o(.text)
    RCC_GetITStatus                          0x080032e3   Thumb Code    22  stm32f4xx_rcc.o(.text)
    RCC_ClearITPendingBit                    0x080032f9   Thumb Code     8  stm32f4xx_rcc.o(.text)
    ADC_DeInit                               0x08003305   Thumb Code    22  stm32f4xx_adc.o(.text)
    ADC_Init                                 0x0800331b   Thumb Code    74  stm32f4xx_adc.o(.text)
    ADC_StructInit                           0x08003365   Thumb Code    20  stm32f4xx_adc.o(.text)
    ADC_CommonInit                           0x08003379   Thumb Code    34  stm32f4xx_adc.o(.text)
    ADC_CommonStructInit                     0x0800339b   Thumb Code    12  stm32f4xx_adc.o(.text)
    ADC_Cmd                                  0x080033a7   Thumb Code    22  stm32f4xx_adc.o(.text)
    ADC_AnalogWatchdogCmd                    0x080033bd   Thumb Code    16  stm32f4xx_adc.o(.text)
    ADC_AnalogWatchdogThresholdsConfig       0x080033cd   Thumb Code     6  stm32f4xx_adc.o(.text)
    ADC_AnalogWatchdogSingleChannelConfig    0x080033d3   Thumb Code    16  stm32f4xx_adc.o(.text)
    ADC_TempSensorVrefintCmd                 0x080033e3   Thumb Code    34  stm32f4xx_adc.o(.text)
    ADC_VBATCmd                              0x08003405   Thumb Code    34  stm32f4xx_adc.o(.text)
    ADC_RegularChannelConfig                 0x08003427   Thumb Code   184  stm32f4xx_adc.o(.text)
    ADC_SoftwareStartConv                    0x080034df   Thumb Code    10  stm32f4xx_adc.o(.text)
    ADC_GetSoftwareStartConvStatus           0x080034e9   Thumb Code    20  stm32f4xx_adc.o(.text)
    ADC_EOCOnEachRegularChannelCmd           0x080034fd   Thumb Code    22  stm32f4xx_adc.o(.text)
    ADC_ContinuousModeCmd                    0x08003513   Thumb Code    22  stm32f4xx_adc.o(.text)
    ADC_DiscModeChannelCountConfig           0x08003529   Thumb Code    24  stm32f4xx_adc.o(.text)
    ADC_DiscModeCmd                          0x08003541   Thumb Code    22  stm32f4xx_adc.o(.text)
    ADC_GetConversionValue                   0x08003557   Thumb Code     8  stm32f4xx_adc.o(.text)
    ADC_GetMultiModeConversionValue          0x0800355f   Thumb Code     8  stm32f4xx_adc.o(.text)
    ADC_DMACmd                               0x08003567   Thumb Code    22  stm32f4xx_adc.o(.text)
    ADC_DMARequestAfterLastTransferCmd       0x0800357d   Thumb Code    22  stm32f4xx_adc.o(.text)
    ADC_MultiModeDMARequestAfterLastTransferCmd 0x08003593   Thumb Code    34  stm32f4xx_adc.o(.text)
    ADC_InjectedChannelConfig                0x080035b5   Thumb Code   130  stm32f4xx_adc.o(.text)
    ADC_InjectedSequencerLengthConfig        0x08003637   Thumb Code    24  stm32f4xx_adc.o(.text)
    ADC_SetInjectedOffset                    0x0800364f   Thumb Code    20  stm32f4xx_adc.o(.text)
    ADC_ExternalTrigInjectedConvConfig       0x08003663   Thumb Code    16  stm32f4xx_adc.o(.text)
    ADC_ExternalTrigInjectedConvEdgeConfig   0x08003673   Thumb Code    16  stm32f4xx_adc.o(.text)
    ADC_SoftwareStartInjectedConv            0x08003683   Thumb Code    10  stm32f4xx_adc.o(.text)
    ADC_GetSoftwareStartInjectedConvCmdStatus 0x0800368d   Thumb Code    20  stm32f4xx_adc.o(.text)
    ADC_AutoInjectedConvCmd                  0x080036a1   Thumb Code    22  stm32f4xx_adc.o(.text)
    ADC_InjectedDiscModeCmd                  0x080036b7   Thumb Code    22  stm32f4xx_adc.o(.text)
    ADC_GetInjectedConversionValue           0x080036cd   Thumb Code    28  stm32f4xx_adc.o(.text)
    ADC_ITConfig                             0x080036e9   Thumb Code    56  stm32f4xx_adc.o(.text)
    ADC_GetFlagStatus                        0x08003721   Thumb Code    18  stm32f4xx_adc.o(.text)
    ADC_ClearFlag                            0x08003733   Thumb Code     6  stm32f4xx_adc.o(.text)
    ADC_GetITStatus                          0x08003739   Thumb Code    38  stm32f4xx_adc.o(.text)
    ADC_ClearITPendingBit                    0x0800375f   Thumb Code    10  stm32f4xx_adc.o(.text)
    DMA_DeInit                               0x08003769   Thumb Code   324  stm32f4xx_dma.o(.text)
    DMA_Init                                 0x080038ad   Thumb Code    82  stm32f4xx_dma.o(.text)
    DMA_StructInit                           0x080038ff   Thumb Code    34  stm32f4xx_dma.o(.text)
    DMA_Cmd                                  0x08003921   Thumb Code    22  stm32f4xx_dma.o(.text)
    DMA_PeriphIncOffsetSizeConfig            0x08003937   Thumb Code    22  stm32f4xx_dma.o(.text)
    DMA_FlowControllerConfig                 0x0800394d   Thumb Code    22  stm32f4xx_dma.o(.text)
    DMA_SetCurrDataCounter                   0x08003963   Thumb Code     4  stm32f4xx_dma.o(.text)
    DMA_GetCurrDataCounter                   0x08003967   Thumb Code     8  stm32f4xx_dma.o(.text)
    DMA_DoubleBufferModeConfig               0x0800396f   Thumb Code    24  stm32f4xx_dma.o(.text)
    DMA_DoubleBufferModeCmd                  0x08003987   Thumb Code    22  stm32f4xx_dma.o(.text)
    DMA_MemoryTargetConfig                   0x0800399d   Thumb Code    10  stm32f4xx_dma.o(.text)
    DMA_GetCurrentMemoryTarget               0x080039a7   Thumb Code    20  stm32f4xx_dma.o(.text)
    DMA_GetCmdStatus                         0x080039bb   Thumb Code    20  stm32f4xx_dma.o(.text)
    DMA_GetFIFOStatus                        0x080039cf   Thumb Code    12  stm32f4xx_dma.o(.text)
    DMA_GetFlagStatus                        0x080039db   Thumb Code    56  stm32f4xx_dma.o(.text)
    DMA_ClearFlag                            0x08003a13   Thumb Code    40  stm32f4xx_dma.o(.text)
    DMA_ITConfig                             0x08003a3b   Thumb Code    58  stm32f4xx_dma.o(.text)
    DMA_GetITStatus                          0x08003a75   Thumb Code    84  stm32f4xx_dma.o(.text)
    DMA_ClearITPendingBit                    0x08003ac9   Thumb Code    40  stm32f4xx_dma.o(.text)
    EXTI_DeInit                              0x08003b11   Thumb Code    28  stm32f4xx_exti.o(.text)
    EXTI_Init                                0x08003b2d   Thumb Code   142  stm32f4xx_exti.o(.text)
    EXTI_StructInit                          0x08003bbb   Thumb Code    16  stm32f4xx_exti.o(.text)
    EXTI_GenerateSWInterrupt                 0x08003bcb   Thumb Code    16  stm32f4xx_exti.o(.text)
    EXTI_GetFlagStatus                       0x08003bdb   Thumb Code    22  stm32f4xx_exti.o(.text)
    EXTI_ClearFlag                           0x08003bf1   Thumb Code     8  stm32f4xx_exti.o(.text)
    EXTI_GetITStatus                         0x08003bf9   Thumb Code    22  stm32f4xx_exti.o(.text)
    EXTI_ClearITPendingBit                   0x08003c0f   Thumb Code     8  stm32f4xx_exti.o(.text)
    FLASH_SetLatency                         0x08003c21   Thumb Code     6  stm32f4xx_flash.o(.text)
    FLASH_PrefetchBufferCmd                  0x08003c27   Thumb Code    30  stm32f4xx_flash.o(.text)
    FLASH_InstructionCacheCmd                0x08003c45   Thumb Code    30  stm32f4xx_flash.o(.text)
    FLASH_DataCacheCmd                       0x08003c63   Thumb Code    30  stm32f4xx_flash.o(.text)
    FLASH_InstructionCacheReset              0x08003c81   Thumb Code    14  stm32f4xx_flash.o(.text)
    FLASH_DataCacheReset                     0x08003c8f   Thumb Code    14  stm32f4xx_flash.o(.text)
    FLASH_Unlock                             0x08003c9d   Thumb Code    26  stm32f4xx_flash.o(.text)
    FLASH_Lock                               0x08003cb7   Thumb Code    18  stm32f4xx_flash.o(.text)
    FLASH_GetStatus                          0x08003cc9   Thumb Code    90  stm32f4xx_flash.o(.text)
    FLASH_WaitForLastOperation               0x08003d23   Thumb Code    34  stm32f4xx_flash.o(.text)
    FLASH_EraseSector                        0x08003d45   Thumb Code   140  stm32f4xx_flash.o(.text)
    FLASH_EraseAllSectors                    0x08003dd1   Thumb Code   112  stm32f4xx_flash.o(.text)
    FLASH_EraseAllBank1Sectors               0x08003e41   Thumb Code   112  stm32f4xx_flash.o(.text)
    FLASH_EraseAllBank2Sectors               0x08003eb1   Thumb Code   112  stm32f4xx_flash.o(.text)
    FLASH_ProgramDoubleWord                  0x08003f21   Thumb Code    86  stm32f4xx_flash.o(.text)
    FLASH_ProgramWord                        0x08003f77   Thumb Code    82  stm32f4xx_flash.o(.text)
    FLASH_ProgramHalfWord                    0x08003fc9   Thumb Code    96  stm32f4xx_flash.o(.text)
    FLASH_ProgramByte                        0x08004029   Thumb Code    70  stm32f4xx_flash.o(.text)
    FLASH_OB_Unlock                          0x0800406f   Thumb Code    26  stm32f4xx_flash.o(.text)
    FLASH_OB_Lock                            0x08004089   Thumb Code    18  stm32f4xx_flash.o(.text)
    FLASH_OB_WRPConfig                       0x0800409b   Thumb Code    54  stm32f4xx_flash.o(.text)
    FLASH_OB_WRP1Config                      0x080040d1   Thumb Code    54  stm32f4xx_flash.o(.text)
    FLASH_OB_PCROPSelectionConfig            0x08004107   Thumb Code    24  stm32f4xx_flash.o(.text)
    FLASH_OB_PCROPConfig                     0x0800411f   Thumb Code    54  stm32f4xx_flash.o(.text)
    FLASH_OB_PCROP1Config                    0x08004155   Thumb Code    54  stm32f4xx_flash.o(.text)
    FLASH_OB_RDPConfig                       0x0800418b   Thumb Code    24  stm32f4xx_flash.o(.text)
    FLASH_OB_UserConfig                      0x080041a3   Thumb Code    46  stm32f4xx_flash.o(.text)
    FLASH_OB_BootConfig                      0x080041d1   Thumb Code    26  stm32f4xx_flash.o(.text)
    FLASH_OB_BORConfig                       0x080041eb   Thumb Code    26  stm32f4xx_flash.o(.text)
    FLASH_OB_Launch                          0x08004205   Thumb Code    30  stm32f4xx_flash.o(.text)
    FLASH_OB_GetUser                         0x08004223   Thumb Code    12  stm32f4xx_flash.o(.text)
    FLASH_OB_GetWRP                          0x0800422f   Thumb Code     8  stm32f4xx_flash.o(.text)
    FLASH_OB_GetWRP1                         0x08004237   Thumb Code     8  stm32f4xx_flash.o(.text)
    FLASH_OB_GetPCROP                        0x0800423f   Thumb Code     8  stm32f4xx_flash.o(.text)
    FLASH_OB_GetPCROP1                       0x08004247   Thumb Code     8  stm32f4xx_flash.o(.text)
    FLASH_OB_GetRDP                          0x0800424f   Thumb Code    20  stm32f4xx_flash.o(.text)
    FLASH_OB_GetBOR                          0x08004263   Thumb Code    12  stm32f4xx_flash.o(.text)
    FLASH_ITConfig                           0x0800426f   Thumb Code    26  stm32f4xx_flash.o(.text)
    FLASH_GetFlagStatus                      0x08004289   Thumb Code    22  stm32f4xx_flash.o(.text)
    FLASH_ClearFlag                          0x0800429f   Thumb Code     8  stm32f4xx_flash.o(.text)
    IWDG_WriteAccessCmd                      0x080042b5   Thumb Code     6  stm32f4xx_iwdg.o(.text)
    IWDG_SetPrescaler                        0x080042bb   Thumb Code     6  stm32f4xx_iwdg.o(.text)
    IWDG_SetReload                           0x080042c1   Thumb Code     6  stm32f4xx_iwdg.o(.text)
    IWDG_ReloadCounter                       0x080042c7   Thumb Code    10  stm32f4xx_iwdg.o(.text)
    IWDG_Enable                              0x080042d1   Thumb Code    10  stm32f4xx_iwdg.o(.text)
    IWDG_GetFlagStatus                       0x080042db   Thumb Code    20  stm32f4xx_iwdg.o(.text)
    SPI_I2S_DeInit                           0x080042f5   Thumb Code   152  stm32f4xx_spi.o(.text)
    SPI_Init                                 0x0800438d   Thumb Code    60  stm32f4xx_spi.o(.text)
    I2S_Init                                 0x080043c9   Thumb Code   396  stm32f4xx_spi.o(.text)
    SPI_StructInit                           0x08004555   Thumb Code    24  stm32f4xx_spi.o(.text)
    I2S_StructInit                           0x0800456d   Thumb Code    20  stm32f4xx_spi.o(.text)
    SPI_Cmd                                  0x08004581   Thumb Code    24  stm32f4xx_spi.o(.text)
    I2S_Cmd                                  0x08004599   Thumb Code    24  stm32f4xx_spi.o(.text)
    SPI_DataSizeConfig                       0x080045b1   Thumb Code    18  stm32f4xx_spi.o(.text)
    SPI_BiDirectionalLineConfig              0x080045c3   Thumb Code    28  stm32f4xx_spi.o(.text)
    SPI_NSSInternalSoftwareConfig            0x080045df   Thumb Code    30  stm32f4xx_spi.o(.text)
    SPI_SSOutputCmd                          0x080045fd   Thumb Code    24  stm32f4xx_spi.o(.text)
    SPI_TIModeCmd                            0x08004615   Thumb Code    24  stm32f4xx_spi.o(.text)
    I2S_FullDuplexConfig                     0x0800462d   Thumb Code    80  stm32f4xx_spi.o(.text)
    SPI_I2S_ReceiveData                      0x0800467d   Thumb Code     6  stm32f4xx_spi.o(.text)
    SPI_I2S_SendData                         0x08004683   Thumb Code     4  stm32f4xx_spi.o(.text)
    SPI_CalculateCRC                         0x08004687   Thumb Code    24  stm32f4xx_spi.o(.text)
    SPI_TransmitCRC                          0x0800469f   Thumb Code    10  stm32f4xx_spi.o(.text)
    SPI_GetCRC                               0x080046a9   Thumb Code    16  stm32f4xx_spi.o(.text)
    SPI_GetCRCPolynomial                     0x080046b9   Thumb Code     6  stm32f4xx_spi.o(.text)
    SPI_I2S_DMACmd                           0x080046bf   Thumb Code    18  stm32f4xx_spi.o(.text)
    SPI_I2S_ITConfig                         0x080046d1   Thumb Code    68  stm32f4xx_spi.o(.text)
    SPI_I2S_GetFlagStatus                    0x08004715   Thumb Code    18  stm32f4xx_spi.o(.text)
    SPI_I2S_ClearFlag                        0x08004727   Thumb Code     6  stm32f4xx_spi.o(.text)
    SPI_I2S_GetITStatus                      0x0800472d   Thumb Code    52  stm32f4xx_spi.o(.text)
    SPI_I2S_ClearITPendingBit                0x08004761   Thumb Code    20  stm32f4xx_spi.o(.text)
    SYSCFG_DeInit                            0x08004775   Thumb Code    22  stm32f4xx_syscfg.o(.text)
    SYSCFG_MemoryRemapConfig                 0x0800478b   Thumb Code     6  stm32f4xx_syscfg.o(.text)
    SYSCFG_MemorySwappingBank                0x08004791   Thumb Code     6  stm32f4xx_syscfg.o(.text)
    SYSCFG_EXTILineConfig                    0x08004797   Thumb Code    66  stm32f4xx_syscfg.o(.text)
    SYSCFG_ETH_MediaInterfaceConfig          0x080047d9   Thumb Code     8  stm32f4xx_syscfg.o(.text)
    SYSCFG_CompensationCellCmd               0x080047e1   Thumb Code     6  stm32f4xx_syscfg.o(.text)
    SYSCFG_GetCompensationCellStatus         0x080047e7   Thumb Code    22  stm32f4xx_syscfg.o(.text)
    TIM_DeInit                               0x08004809   Thumb Code   346  stm32f4xx_tim.o(.text)
    TIM_TimeBaseInit                         0x08004963   Thumb Code   104  stm32f4xx_tim.o(.text)
    TIM_TimeBaseStructInit                   0x080049cb   Thumb Code    18  stm32f4xx_tim.o(.text)
    TIM_PrescalerConfig                      0x080049dd   Thumb Code     6  stm32f4xx_tim.o(.text)
    TIM_CounterModeConfig                    0x080049e3   Thumb Code    18  stm32f4xx_tim.o(.text)
    TIM_SetCounter                           0x080049f5   Thumb Code     4  stm32f4xx_tim.o(.text)
    TIM_SetAutoreload                        0x080049f9   Thumb Code     4  stm32f4xx_tim.o(.text)
    TIM_GetCounter                           0x080049fd   Thumb Code     6  stm32f4xx_tim.o(.text)
    TIM_GetPrescaler                         0x08004a03   Thumb Code     6  stm32f4xx_tim.o(.text)
    TIM_UpdateDisableConfig                  0x08004a09   Thumb Code    24  stm32f4xx_tim.o(.text)
    TIM_UpdateRequestConfig                  0x08004a21   Thumb Code    24  stm32f4xx_tim.o(.text)
    TIM_ARRPreloadConfig                     0x08004a39   Thumb Code    24  stm32f4xx_tim.o(.text)
    TIM_SelectOnePulseMode                   0x08004a51   Thumb Code    18  stm32f4xx_tim.o(.text)
    TIM_SetClockDivision                     0x08004a63   Thumb Code    18  stm32f4xx_tim.o(.text)
    TIM_Cmd                                  0x08004a75   Thumb Code    24  stm32f4xx_tim.o(.text)
    TIM_OC1Init                              0x08004a8d   Thumb Code   114  stm32f4xx_tim.o(.text)
    TIM_OC2Init                              0x08004aff   Thumb Code   154  stm32f4xx_tim.o(.text)
    TIM_OC3Init                              0x08004b99   Thumb Code   204  stm32f4xx_tim.o(.text)
    TIM_OC4Init                              0x08004c65   Thumb Code   112  stm32f4xx_tim.o(.text)
    TIM_OCStructInit                         0x08004cd5   Thumb Code    20  stm32f4xx_tim.o(.text)
    TIM_SelectOCxM                           0x08004ce9   Thumb Code    86  stm32f4xx_tim.o(.text)
    TIM_SetCompare1                          0x08004d3f   Thumb Code     4  stm32f4xx_tim.o(.text)
    TIM_SetCompare2                          0x08004d43   Thumb Code     4  stm32f4xx_tim.o(.text)
    TIM_SetCompare3                          0x08004d47   Thumb Code     4  stm32f4xx_tim.o(.text)
    TIM_SetCompare4                          0x08004d4b   Thumb Code     4  stm32f4xx_tim.o(.text)
    TIM_ForcedOC1Config                      0x08004d4f   Thumb Code    18  stm32f4xx_tim.o(.text)
    TIM_ForcedOC2Config                      0x08004d61   Thumb Code    26  stm32f4xx_tim.o(.text)
    TIM_ForcedOC3Config                      0x08004d7b   Thumb Code    18  stm32f4xx_tim.o(.text)
    TIM_ForcedOC4Config                      0x08004d8d   Thumb Code    26  stm32f4xx_tim.o(.text)
    TIM_OC1PreloadConfig                     0x08004da7   Thumb Code    18  stm32f4xx_tim.o(.text)
    TIM_OC2PreloadConfig                     0x08004db9   Thumb Code    26  stm32f4xx_tim.o(.text)
    TIM_OC3PreloadConfig                     0x08004dd3   Thumb Code    18  stm32f4xx_tim.o(.text)
    TIM_OC4PreloadConfig                     0x08004de5   Thumb Code    26  stm32f4xx_tim.o(.text)
    TIM_OC1FastConfig                        0x08004dff   Thumb Code    18  stm32f4xx_tim.o(.text)
    TIM_OC2FastConfig                        0x08004e11   Thumb Code    26  stm32f4xx_tim.o(.text)
    TIM_OC3FastConfig                        0x08004e2b   Thumb Code    18  stm32f4xx_tim.o(.text)
    TIM_OC4FastConfig                        0x08004e3d   Thumb Code    26  stm32f4xx_tim.o(.text)
    TIM_ClearOC1Ref                          0x08004e57   Thumb Code    18  stm32f4xx_tim.o(.text)
    TIM_ClearOC2Ref                          0x08004e69   Thumb Code    24  stm32f4xx_tim.o(.text)
    TIM_ClearOC3Ref                          0x08004e81   Thumb Code    18  stm32f4xx_tim.o(.text)
    TIM_ClearOC4Ref                          0x08004e93   Thumb Code    24  stm32f4xx_tim.o(.text)
    TIM_OC1PolarityConfig                    0x08004eab   Thumb Code    18  stm32f4xx_tim.o(.text)
    TIM_OC1NPolarityConfig                   0x08004ebd   Thumb Code    18  stm32f4xx_tim.o(.text)
    TIM_OC2PolarityConfig                    0x08004ecf   Thumb Code    26  stm32f4xx_tim.o(.text)
    TIM_OC2NPolarityConfig                   0x08004ee9   Thumb Code    26  stm32f4xx_tim.o(.text)
    TIM_OC3PolarityConfig                    0x08004f03   Thumb Code    26  stm32f4xx_tim.o(.text)
    TIM_OC3NPolarityConfig                   0x08004f1d   Thumb Code    26  stm32f4xx_tim.o(.text)
    TIM_OC4PolarityConfig                    0x08004f37   Thumb Code    26  stm32f4xx_tim.o(.text)
    TIM_CCxCmd                               0x08004f51   Thumb Code    30  stm32f4xx_tim.o(.text)
    TIM_CCxNCmd                              0x08004f6f   Thumb Code    30  stm32f4xx_tim.o(.text)
    TIM_SetIC4Prescaler                      0x08004f8d   Thumb Code    26  stm32f4xx_tim.o(.text)
    TIM_SetIC3Prescaler                      0x08004ff7   Thumb Code    18  stm32f4xx_tim.o(.text)
    TIM_SetIC2Prescaler                      0x08005051   Thumb Code    26  stm32f4xx_tim.o(.text)
    TIM_SetIC1Prescaler                      0x080050c5   Thumb Code    18  stm32f4xx_tim.o(.text)
    TIM_ICInit                               0x08005111   Thumb Code   110  stm32f4xx_tim.o(.text)
    TIM_ICStructInit                         0x0800517f   Thumb Code    18  stm32f4xx_tim.o(.text)
    TIM_PWMIConfig                           0x08005191   Thumb Code   124  stm32f4xx_tim.o(.text)
    TIM_GetCapture1                          0x0800520d   Thumb Code     6  stm32f4xx_tim.o(.text)
    TIM_GetCapture2                          0x08005213   Thumb Code     6  stm32f4xx_tim.o(.text)
    TIM_GetCapture3                          0x08005219   Thumb Code     6  stm32f4xx_tim.o(.text)
    TIM_GetCapture4                          0x0800521f   Thumb Code     6  stm32f4xx_tim.o(.text)
    TIM_BDTRConfig                           0x08005225   Thumb Code    32  stm32f4xx_tim.o(.text)
    TIM_BDTRStructInit                       0x08005245   Thumb Code    18  stm32f4xx_tim.o(.text)
    TIM_CtrlPWMOutputs                       0x08005257   Thumb Code    30  stm32f4xx_tim.o(.text)
    TIM_SelectCOM                            0x08005275   Thumb Code    24  stm32f4xx_tim.o(.text)
    TIM_CCPreloadControl                     0x0800528d   Thumb Code    24  stm32f4xx_tim.o(.text)
    TIM_ITConfig                             0x080052a5   Thumb Code    18  stm32f4xx_tim.o(.text)
    TIM_GenerateEvent                        0x080052b7   Thumb Code     4  stm32f4xx_tim.o(.text)
    TIM_GetFlagStatus                        0x080052bb   Thumb Code    18  stm32f4xx_tim.o(.text)
    TIM_ClearFlag                            0x080052cd   Thumb Code     6  stm32f4xx_tim.o(.text)
    TIM_GetITStatus                          0x080052d3   Thumb Code    34  stm32f4xx_tim.o(.text)
    TIM_ClearITPendingBit                    0x080052f5   Thumb Code     6  stm32f4xx_tim.o(.text)
    TIM_DMAConfig                            0x080052fb   Thumb Code    10  stm32f4xx_tim.o(.text)
    TIM_DMACmd                               0x08005305   Thumb Code    18  stm32f4xx_tim.o(.text)
    TIM_SelectCCDMA                          0x08005317   Thumb Code    24  stm32f4xx_tim.o(.text)
    TIM_InternalClockConfig                  0x0800532f   Thumb Code    12  stm32f4xx_tim.o(.text)
    TIM_SelectInputTrigger                   0x0800533b   Thumb Code    18  stm32f4xx_tim.o(.text)
    TIM_ITRxExternalClockConfig              0x0800534d   Thumb Code    24  stm32f4xx_tim.o(.text)
    TIM_TIxExternalClockConfig               0x08005365   Thumb Code    62  stm32f4xx_tim.o(.text)
    TIM_ETRConfig                            0x080053a3   Thumb Code    28  stm32f4xx_tim.o(.text)
    TIM_ETRClockMode1Config                  0x080053bf   Thumb Code    54  stm32f4xx_tim.o(.text)
    TIM_ETRClockMode2Config                  0x080053f5   Thumb Code    32  stm32f4xx_tim.o(.text)
    TIM_SelectOutputTrigger                  0x08005415   Thumb Code    18  stm32f4xx_tim.o(.text)
    TIM_SelectSlaveMode                      0x08005427   Thumb Code    18  stm32f4xx_tim.o(.text)
    TIM_SelectMasterSlaveMode                0x08005439   Thumb Code    18  stm32f4xx_tim.o(.text)
    TIM_EncoderInterfaceConfig               0x0800544b   Thumb Code    66  stm32f4xx_tim.o(.text)
    TIM_SelectHallSensor                     0x0800548d   Thumb Code    24  stm32f4xx_tim.o(.text)
    TIM_RemapConfig                          0x080054a5   Thumb Code     6  stm32f4xx_tim.o(.text)
    USART_DeInit                             0x080054ad   Thumb Code   206  stm32f4xx_usart.o(.text)
    USART_Init                               0x0800557b   Thumb Code   204  stm32f4xx_usart.o(.text)
    USART_StructInit                         0x08005647   Thumb Code    24  stm32f4xx_usart.o(.text)
    USART_ClockInit                          0x0800565f   Thumb Code    32  stm32f4xx_usart.o(.text)
    USART_ClockStructInit                    0x0800567f   Thumb Code    12  stm32f4xx_usart.o(.text)
    USART_Cmd                                0x0800568b   Thumb Code    24  stm32f4xx_usart.o(.text)
    USART_SetPrescaler                       0x080056a3   Thumb Code    16  stm32f4xx_usart.o(.text)
    USART_OverSampling8Cmd                   0x080056b3   Thumb Code    22  stm32f4xx_usart.o(.text)
    USART_OneBitMethodCmd                    0x080056c9   Thumb Code    24  stm32f4xx_usart.o(.text)
    USART_SendData                           0x080056e1   Thumb Code     8  stm32f4xx_usart.o(.text)
    USART_ReceiveData                        0x080056e9   Thumb Code    10  stm32f4xx_usart.o(.text)
    USART_SetAddress                         0x080056f3   Thumb Code    18  stm32f4xx_usart.o(.text)
    USART_ReceiverWakeUpCmd                  0x08005705   Thumb Code    24  stm32f4xx_usart.o(.text)
    USART_WakeUpConfig                       0x0800571d   Thumb Code    18  stm32f4xx_usart.o(.text)
    USART_LINBreakDetectLengthConfig         0x0800572f   Thumb Code    18  stm32f4xx_usart.o(.text)
    USART_LINCmd                             0x08005741   Thumb Code    24  stm32f4xx_usart.o(.text)
    USART_SendBreak                          0x08005759   Thumb Code    10  stm32f4xx_usart.o(.text)
    USART_HalfDuplexCmd                      0x08005763   Thumb Code    24  stm32f4xx_usart.o(.text)
    USART_SetGuardTime                       0x0800577b   Thumb Code    16  stm32f4xx_usart.o(.text)
    USART_SmartCardCmd                       0x0800578b   Thumb Code    24  stm32f4xx_usart.o(.text)
    USART_SmartCardNACKCmd                   0x080057a3   Thumb Code    24  stm32f4xx_usart.o(.text)
    USART_IrDAConfig                         0x080057bb   Thumb Code    18  stm32f4xx_usart.o(.text)
    USART_IrDACmd                            0x080057cd   Thumb Code    24  stm32f4xx_usart.o(.text)
    USART_DMACmd                             0x080057e5   Thumb Code    18  stm32f4xx_usart.o(.text)
    USART_ITConfig                           0x080057f7   Thumb Code    74  stm32f4xx_usart.o(.text)
    USART_GetFlagStatus                      0x08005841   Thumb Code    26  stm32f4xx_usart.o(.text)
    USART_ClearFlag                          0x0800585b   Thumb Code    18  stm32f4xx_usart.o(.text)
    USART_GetITStatus                        0x0800586d   Thumb Code   118  stm32f4xx_usart.o(.text)
    USART_ClearITPendingBit                  0x080058e3   Thumb Code    30  stm32f4xx_usart.o(.text)
    GPIO_group_OUT                           0x08005901   Thumb Code   454  common.o(.text)
    GPIO_bits_OUT                            0x08005ac7   Thumb Code    92  common.o(.text)
    delay_init                               0x08005b23   Thumb Code    42  common.o(.text)
    delay_us                                 0x08005b4d   Thumb Code    72  common.o(.text)
    delay_xms                                0x08005b95   Thumb Code    72  common.o(.text)
    delay_ms                                 0x08005bdd   Thumb Code    56  common.o(.text)
    ADC3Init                                 0x08005c1d   Thumb Code   150  adc.o(.text)
    ADC3_GPIO_Configuration                  0x08005d11   Thumb Code    36  adc.o(.text)
    USER_ADC_Init                            0x08005d35   Thumb Code    16  adc.o(.text)
    Voltage_Storage                          0x08005d45   Thumb Code   338  adc.o(.text)
    Temperature_Storage                      0x08005e97   Thumb Code   268  adc.o(.text)
    NVIC_Config                              0x08006005   Thumb Code   152  init.o(.text)
    GPIO_standby                             0x0800609d   Thumb Code    56  init.o(.text)
    MOS_Init                                 0x080060d5   Thumb Code    56  init.o(.text)
    LED_Init                                 0x0800610d   Thumb Code    60  init.o(.text)
    SystemInitUser                           0x08006149   Thumb Code    74  init.o(.text)
    float2pwm                                0x080061a1   Thumb Code    82  motor.o(.text)
    Set_Loop_Para                            0x0800628d   Thumb Code    26  motor.o(.text)
    Set_Spin                                 0x080062a7   Thumb Code    22  motor.o(.text)
    Set_Servo                                0x080062bd   Thumb Code    10  motor.o(.text)
    angular_speed_Control                    0x0800650d   Thumb Code   572  motor.o(.text)
    spin_Control                             0x08006749   Thumb Code   188  motor.o(.text)
    servo_Control                            0x08006805   Thumb Code   114  motor.o(.text)
    servo_Init                               0x08006877   Thumb Code   152  motor.o(.text)
    Stop_Control                             0x0800690f   Thumb Code    52  motor.o(.text)
    Yaw_PID                                  0x08006943   Thumb Code   680  motor.o(.text)
    Yaw_Control                              0x08006beb   Thumb Code   160  motor.o(.text)
    calculate_error                          0x08006c8b   Thumb Code    18  motor.o(.text)
    Pos_PID                                  0x08006c9d   Thumb Code   622  motor.o(.text)
    Pos_Control                              0x08006f0b   Thumb Code   404  motor.o(.text)
    PID_P                                    0x080070e5   Thumb Code   828  pid.o(.text)
    PID_I                                    0x08007421   Thumb Code   844  pid.o(.text)
    PID_D                                    0x0800776d   Thumb Code   844  pid.o(.text)
    PWM2_Init                                0x08007ac5   Thumb Code   216  timer.o(.text)
    PWM3_Init                                0x08007b9d   Thumb Code   208  timer.o(.text)
    Loop                                     0x08007c6d   Thumb Code   146  timer.o(.text)
    Timer_Init                               0x08007cff   Thumb Code    88  timer.o(.text)
    TIM5_IRQHandler                          0x08007d57   Thumb Code   156  timer.o(.text)
    Pwm_Set                                  0x08007df3   Thumb Code    38  timer.o(.text)
    Pwm_Read                                 0x08007e19   Thumb Code    50  timer.o(.text)
    IWDG_Init                                0x08007e6d   Thumb Code    36  wdg.o(.text)
    IWDG_Feed                                0x08007e91   Thumb Code     8  wdg.o(.text)
    MYDMA_TXConfig                           0x08007e99   Thumb Code   134  dma.o(.text)
    MYDMA_Enable                             0x08007f1f   Thumb Code    44  dma.o(.text)
    MYDMA_RXConfigPtoM                       0x08007f4b   Thumb Code   132  dma.o(.text)
    __aeabi_memcpy                           0x08007fd5   Thumb Code    36  memcpya.o(.text)
    __aeabi_memcpy4                          0x08007fd5   Thumb Code     0  memcpya.o(.text)
    __aeabi_memcpy8                          0x08007fd5   Thumb Code     0  memcpya.o(.text)
    __aeabi_memset                           0x08007ff9   Thumb Code    14  memseta.o(.text)
    __aeabi_memset4                          0x08007ff9   Thumb Code     0  memseta.o(.text)
    __aeabi_memset8                          0x08007ff9   Thumb Code     0  memseta.o(.text)
    __aeabi_memclr                           0x08008007   Thumb Code     4  memseta.o(.text)
    __aeabi_memclr4                          0x08008007   Thumb Code     0  memseta.o(.text)
    __aeabi_memclr8                          0x08008007   Thumb Code     0  memseta.o(.text)
    _memset$wrapper                          0x0800800b   Thumb Code    18  memseta.o(.text)
    strtok                                   0x0800801d   Thumb Code    62  strtok.o(.text)
    __aeabi_dadd                             0x08008061   Thumb Code   322  dadd.o(.text)
    __aeabi_dsub                             0x080081a3   Thumb Code     6  dadd.o(.text)
    __aeabi_drsub                            0x080081a9   Thumb Code     6  dadd.o(.text)
    __aeabi_dmul                             0x080081af   Thumb Code   228  dmul.o(.text)
    __aeabi_ddiv                             0x08008293   Thumb Code   222  ddiv.o(.text)
    __aeabi_i2d                              0x08008371   Thumb Code    34  dflti.o(.text)
    __aeabi_ui2d                             0x08008393   Thumb Code    26  dfltui.o(.text)
    __aeabi_f2d                              0x080083ad   Thumb Code    38  f2d.o(.text)
    __aeabi_cdcmpeq                          0x080083d5   Thumb Code     0  cdcmple.o(.text)
    __aeabi_cdcmple                          0x080083d5   Thumb Code    48  cdcmple.o(.text)
    __aeabi_cdrcmple                         0x08008405   Thumb Code    48  cdrcmple.o(.text)
    __aeabi_d2f                              0x08008435   Thumb Code    56  d2f.o(.text)
    __aeabi_uidiv                            0x0800846d   Thumb Code     0  uidiv.o(.text)
    __aeabi_uidivmod                         0x0800846d   Thumb Code    44  uidiv.o(.text)
    __aeabi_uldivmod                         0x08008499   Thumb Code    98  uldiv.o(.text)
    __aeabi_llsl                             0x080084fb   Thumb Code    30  llshl.o(.text)
    _ll_shift_l                              0x080084fb   Thumb Code     0  llshl.o(.text)
    __aeabi_lasr                             0x08008519   Thumb Code    36  llsshr.o(.text)
    _ll_sshift_r                             0x08008519   Thumb Code     0  llsshr.o(.text)
    __strtod_int                             0x08008573   Thumb Code    88  strtod.o(.text)
    __I$use$fp                               0x080085d9   Thumb Code     0  iusefp.o(.text)
    _float_round                             0x080085d9   Thumb Code    18  fepilogue.o(.text)
    _float_epilogue                          0x080085eb   Thumb Code    92  fepilogue.o(.text)
    _double_round                            0x08008647   Thumb Code    30  depilogue.o(.text)
    _double_epilogue                         0x08008665   Thumb Code   156  depilogue.o(.text)
    __aeabi_d2ulz                            0x08008701   Thumb Code    48  dfixul.o(.text)
    __scatterload                            0x08008731   Thumb Code    28  init.o(.text)
    __scatterload_rt2                        0x08008731   Thumb Code     0  init.o(.text)
    __aeabi_llsr                             0x08008755   Thumb Code    32  llushr.o(.text)
    _ll_ushift_r                             0x08008755   Thumb Code     0  llushr.o(.text)
    isspace                                  0x08008775   Thumb Code    10  isspace_c.o(.text)
    _scanf_real                              0x08008881   Thumb Code     0  scanf_fp.o(.text)
    _scanf_really_real                       0x08008881   Thumb Code   556  scanf_fp.o(.text)
    _sgetc                                   0x08008ab9   Thumb Code    30  _sgetc.o(.text)
    _sbackspace                              0x08008ad7   Thumb Code    34  _sgetc.o(.text)
    __ctype_lookup                           0x08008af9   Thumb Code    34  ctype_c.o(.text)
    __aeabi_ul2d                             0x08008b21   Thumb Code    24  dfltul.o(.text)
    __decompress                             0x08008b39   Thumb Code     0  __dczerorl2.o(.text)
    __decompress1                            0x08008b39   Thumb Code    86  __dczerorl2.o(.text)
    __0printf                                0x08008b91   Thumb Code    22  printfa.o(i.__0printf)
    __1printf                                0x08008b91   Thumb Code     0  printfa.o(i.__0printf)
    __2printf                                0x08008b91   Thumb Code     0  printfa.o(i.__0printf)
    __c89printf                              0x08008b91   Thumb Code     0  printfa.o(i.__0printf)
    printf                                   0x08008b91   Thumb Code     0  printfa.o(i.__0printf)
    __hardfp_atof                            0x08008bb1   Thumb Code    44  atof.o(i.__hardfp_atof)
    __hardfp_fabs                            0x08008be9   Thumb Code    20  fabs.o(i.__hardfp_fabs)
    __read_errno                             0x08008bfd   Thumb Code     6  errno.o(i.__read_errno)
    __scatterload_copy                       0x08008c09   Thumb Code    14  handlers.o(i.__scatterload_copy)
    __scatterload_null                       0x08008c17   Thumb Code     2  handlers.o(i.__scatterload_null)
    __scatterload_zeroinit                   0x08008c19   Thumb Code    14  handlers.o(i.__scatterload_zeroinit)
    __set_errno                              0x08008c29   Thumb Code     6  errno.o(i.__set_errno)
    _is_digit                                0x08008d99   Thumb Code    14  scanf_fp.o(i._is_digit)
    TX_ADDRESS                               0x080094d6   Data           5  24l01.o(.constdata)
    RX_ADDRESS                               0x080094db   Data           5  24l01.o(.constdata)
    __ctype_categories                       0x080094ff   Data          64  ctype_c.o(.constdata)
    Region$$Table$$Base                      0x08009544   Number         0  anon$$obj.o(Region$$Table)
    Region$$Table$$Limit                     0x08009564   Number         0  anon$$obj.o(Region$$Table)
    SystemCoreClock                          0x20000000   Data           4  system_stm32f4xx.o(.data)
    AHBPrescTable                            0x20000004   Data          16  system_stm32f4xx.o(.data)
    RX_DATA_RAW                              0x20000014   Data          11  24l01.o(.data)
    RX_DATA                                  0x2000001f   Data          11  24l01.o(.data)
    receive_flag                             0x2000002c   Data           4  24l01.o(.data)
    actual_yaw                               0x20000030   Data           4  24l01.o(.data)
    actual_pos                               0x20000034   Data           4  24l01.o(.data)
    send_act                                 0x20000038   Data          19  24l01.o(.data)
    delim                                    0x2000004c   Data           4  rtk.o(.data)
    token                                    0x20000050   Data           4  rtk.o(.data)
    utc                                      0x20000054   Data           4  rtk.o(.data)
    lat                                      0x20000058   Data           4  rtk.o(.data)
    lon                                      0x2000005c   Data           4  rtk.o(.data)
    latdir                                   0x20000060   Data           1  rtk.o(.data)
    londir                                   0x20000061   Data           1  rtk.o(.data)
    USART2_RX_STA                            0x20000062   Data           2  usart2.o(.data)
    state_machine                            0x20000064   Data           1  usart2.o(.data)
    rec_complete                             0x20000065   Data           1  usart2.o(.data)
    data_count                               0x20000066   Data           1  usart2.o(.data)
    qf                                       0x20000067   Data           1  usart2.o(.data)
    keydown_data                             0x20000068   Data           1  key.o(.data)
    keyup_data                               0x20000069   Data           1  key.o(.data)
    key_time                                 0x2000006a   Data           2  key.o(.data)
    key_tem                                  0x2000006c   Data           1  key.o(.data)
    key_bak                                  0x2000006d   Data           1  key.o(.data)
    LTC2944_value                            0x20000070   Data           7  ltc2944.o(.data)
    volot                                    0x20000078   Data           2  ltc2944.o(.data)
    crc                                      0x2000007c   Data           4  ltc2944.o(.data)
    LTC_CHARGE                               0x20000080   Data           2  ltc2944.o(.data)
    LTC_CHARGE_L                             0x20000082   Data           2  ltc2944.o(.data)
    dis                                      0x20000084   Data           4  usart.o(.data)
    yaw                                      0x20000088   Data           4  usart.o(.data)
    yaw_ref                                  0x2000008c   Data           4  usart.o(.data)
    USART5_RX_STA                            0x20000090   Data           2  usart.o(.data)
    state_machine5                           0x20000092   Data           1  usart.o(.data)
    delim5                                   0x20000094   Data           4  usart.o(.data)
    rec5_complete                            0x20000098   Data           1  usart.o(.data)
    IC1RisingValue                           0x2000009c   Data           4  tim4.o(.data)
    IC1FallingValue                          0x200000a0   Data           4  tim4.o(.data)
    IC2RisingValue                           0x200000a4   Data           4  tim4.o(.data)
    IC2FallingValue                          0x200000a8   Data           4  tim4.o(.data)
    DutyTime3                                0x200000ac   Data           4  tim4.o(.data)
    DutyTime4                                0x200000b0   Data           4  tim4.o(.data)
    CCR2_flag                                0x200000b4   Data           4  tim4.o(.data)
    CCR3_flag                                0x200000b8   Data           4  tim4.o(.data)
    CCR4_flag                                0x200000bc   Data           4  tim4.o(.data)
    unit_time                                0x200000c0   Data           4  tim4.o(.data)
    Speed_toset                              0x200000c4   Data           4  tim4.o(.data)
    angularSpeed_toset                       0x200000c8   Data           4  tim4.o(.data)
    remote_device_flag                       0x200000cc   Data           1  tim4.o(.data)
    USART6_RX_CNT                            0x200000ce   Data           2  usart6.o(.data)
    USART6_RX_STA                            0x200000d0   Data           2  usart6.o(.data)
    imu_mutex_lock                           0x200000d2   Data           1  usart6.o(.data)
    uAD_Buff                                 0x200000e8   Data           8  adc.o(.data)
    voltage_battery                          0x200000f0   Data           4  adc.o(.data)
    mcu_temperature                          0x200000f4   Data           4  adc.o(.data)
    Kp                                       0x200000fc   Data           4  motor.o(.data)
    Ki                                       0x20000100   Data           4  motor.o(.data)
    Kd                                       0x20000104   Data           4  motor.o(.data)
    Ref_yaw                                  0x20000108   Data           4  motor.o(.data)
    pos_Kp                                   0x2000010c   Data           4  motor.o(.data)
    pos_Ki                                   0x20000110   Data           4  motor.o(.data)
    pos_Kd                                   0x20000114   Data           4  motor.o(.data)
    yaw_err                                  0x20000118   Data           4  motor.o(.data)
    pos_err                                  0x2000011c   Data           4  motor.o(.data)
    vel_x                                    0x20000120   Data           4  motor.o(.data)
    Vel_y                                    0x20000124   Data           4  motor.o(.data)
    Vel_w                                    0x20000128   Data           4  motor.o(.data)
    kk                                       0x2000012c   Data           4  motor.o(.data)
    d_dut                                    0x20000130   Data           4  motor.o(.data)
    d_angularSpeed                           0x20000134   Data           4  motor.o(.data)
    d_Speed                                  0x20000138   Data           4  motor.o(.data)
    motor_left_pwm                           0x20000154   Data           2  motor.o(.data)
    motor_right_pwm                          0x20000156   Data           2  motor.o(.data)
    servo_left_pwm                           0x20000158   Data           2  motor.o(.data)
    servo_right_pwm                          0x2000015a   Data           2  motor.o(.data)
    spin_left_pwm                            0x2000015c   Data           2  motor.o(.data)
    spin_right_pwm                           0x2000015e   Data           2  motor.o(.data)
    spin_left_duty                           0x20000160   Data           2  motor.o(.data)
    spin_right_duty                          0x20000162   Data           2  motor.o(.data)
    Ref_Angular_Speed                        0x20000168   Data           4  motor.o(.data)
    Closed_Loop_Control                      0x2000016c   Data           1  motor.o(.data)
    Spin_flag                                0x2000016d   Data           1  motor.o(.data)
    Key_flag                                 0x2000016e   Data           1  motor.o(.data)
    auto_flag                                0x2000016f   Data           1  motor.o(.data)
    e_d                                      0x200001a8   Data          24  pid.o(.data)
    ec_d                                     0x200001c0   Data          16  pid.o(.data)
    f_P                                      0x200001d0   Data          20  pid.o(.data)
    f_I                                      0x200001e4   Data          20  pid.o(.data)
    f_D                                      0x200001f8   Data          20  pid.o(.data)
    system_pulse                             0x2000020c   Data           2  timer.o(.data)
    Mission                                  0x2000020e   Data           6  timer.o(.data)
    __stdout                                 0x20000218   Data           4  stdout.o(.data)
    tx_packets                               0x20000220   Data          48  24l01.o(.bss)
    tx_info                                  0x20000250   Data          46  24l01.o(.bss)
    USART2_RX_BUF                            0x2000027e   Data         100  usart2.o(.bss)
    USART2_TX_BUF                            0x200002e2   Data         100  usart2.o(.bss)
    ltc2944                                  0x20000348   Data          24  ltc2944.o(.bss)
    USART5_RX_BUF                            0x20000360   Data          20  usart.o(.bss)
    USART5_TX_BUF                            0x20000374   Data          20  usart.o(.bss)
    Acc                                      0x20000388   Data          12  imu.o(.bss)
    Gyr                                      0x20000394   Data          12  imu.o(.bss)
    Mag                                      0x200003a0   Data          12  imu.o(.bss)
    Eular                                    0x200003ac   Data          12  imu.o(.bss)
    DMA2packBuf                              0x20000458   Data         100  init.o(.bss)
    imu                                      0x200004bc   Data         116  init.o(.bss)
    __initial_sp                             0x20000930   Data           0  startup_stm32f40_41xxx.o(STACK)



==============================================================================

Memory Map of the image

  Image Entry point : 0x08000189

  Load Region LR_IROM1 (Base: 0x08000000, Size: 0x00009784, Max: 0x00100000, ABSOLUTE, COMPRESSED[0x00009600])

    Execution Region ER_IROM1 (Base: 0x08000000, Size: 0x00009564, Max: 0x00100000, ABSOLUTE)

    Base Addr    Size         Type   Attr      Idx    E Section Name        Object

    0x08000000   0x00000188   Data   RO          247    RESET               startup_stm32f40_41xxx.o
    0x08000188   0x00000000   Code   RO         1530  * .ARM.Collect$$$$00000000  mc_w.l(entry.o)
    0x08000188   0x00000004   Code   RO         1824    .ARM.Collect$$$$00000001  mc_w.l(entry2.o)
    0x0800018c   0x00000004   Code   RO         1827    .ARM.Collect$$$$00000004  mc_w.l(entry5.o)
    0x08000190   0x00000000   Code   RO         1829    .ARM.Collect$$$$00000008  mc_w.l(entry7b.o)
    0x08000190   0x00000000   Code   RO         1831    .ARM.Collect$$$$0000000A  mc_w.l(entry8b.o)
    0x08000190   0x00000008   Code   RO         1832    .ARM.Collect$$$$0000000B  mc_w.l(entry9a.o)
    0x08000198   0x00000000   Code   RO         1834    .ARM.Collect$$$$0000000D  mc_w.l(entry10a.o)
    0x08000198   0x00000000   Code   RO         1836    .ARM.Collect$$$$0000000F  mc_w.l(entry11a.o)
    0x08000198   0x00000004   Code   RO         1825    .ARM.Collect$$$$00002712  mc_w.l(entry2.o)
    0x0800019c   0x00000124   Code   RO            3    .text               main.o
    0x080002c0   0x0000001a   Code   RO          224    .text               stm32f4xx_it.o
    0x080002da   0x00000002   PAD
    0x080002dc   0x00000024   Code   RO          248    .text               startup_stm32f40_41xxx.o
    0x08000300   0x00000210   Code   RO          254    .text               system_stm32f4xx.o
    0x08000510   0x00000198   Code   RO          280    .text               bsp_debug_usart.o
    0x080006a8   0x00000994   Code   RO          300    .text               24l01.o
    0x0800103c   0x000000d4   Code   RO          332    .text               rtk.o
    0x08001110   0x0000022c   Code   RO          359    .text               usart2.o
    0x0800133c   0x00000118   Code   RO          386    .text               spi.o
    0x08001454   0x000000f8   Code   RO          406    .text               key.o
    0x0800154c   0x000004c0   Code   RO          432    .text               ltc2944.o
    0x08001a0c   0x00000204   Code   RO          460    .text               ltciic.o
    0x08001c10   0x00000138   Code   RO          483    .text               stmflash.o
    0x08001d48   0x0000026c   Code   RO          506    .text               usart.o
    0x08001fb4   0x00000360   Code   RO          534    .text               tim4.o
    0x08002314   0x000004c0   Code   RO          560    .text               imu.o
    0x080027d4   0x00000160   Code   RO          587    .text               usart6.o
    0x08002934   0x000000e0   Code   RO          622    .text               misc.o
    0x08002a14   0x00000294   Code   RO          642    .text               stm32f4xx_gpio.o
    0x08002ca8   0x0000065c   Code   RO          662    .text               stm32f4xx_rcc.o
    0x08003304   0x00000464   Code   RO          684    .text               stm32f4xx_adc.o
    0x08003768   0x000003a8   Code   RO          884    .text               stm32f4xx_dma.o
    0x08003b10   0x00000110   Code   RO          904    .text               stm32f4xx_exti.o
    0x08003c20   0x00000694   Code   RO          924    .text               stm32f4xx_flash.o
    0x080042b4   0x00000040   Code   RO         1070    .text               stm32f4xx_iwdg.o
    0x080042f4   0x00000480   Code   RO         1193    .text               stm32f4xx_spi.o
    0x08004774   0x00000094   Code   RO         1213    .text               stm32f4xx_syscfg.o
    0x08004808   0x00000ca2   Code   RO         1233    .text               stm32f4xx_tim.o
    0x080054aa   0x00000002   PAD
    0x080054ac   0x00000454   Code   RO         1253    .text               stm32f4xx_usart.o
    0x08005900   0x0000031c   Code   RO         1294    .text               common.o
    0x08005c1c   0x000003e8   Code   RO         1319    .text               adc.o
    0x08006004   0x0000019c   Code   RO         1343    .text               init.o
    0x080061a0   0x00000f44   Code   RO         1369    .text               motor.o
    0x080070e4   0x000009e0   Code   RO         1431    .text               pid.o
    0x08007ac4   0x000003a8   Code   RO         1454    .text               timer.o
    0x08007e6c   0x0000002c   Code   RO         1477    .text               wdg.o
    0x08007e98   0x0000013c   Code   RO         1497    .text               dma.o
    0x08007fd4   0x00000024   Code   RO         1533    .text               mc_w.l(memcpya.o)
    0x08007ff8   0x00000024   Code   RO         1535    .text               mc_w.l(memseta.o)
    0x0800801c   0x00000044   Code   RO         1537    .text               mc_w.l(strtok.o)
    0x08008060   0x0000014e   Code   RO         1806    .text               mf_w.l(dadd.o)
    0x080081ae   0x000000e4   Code   RO         1808    .text               mf_w.l(dmul.o)
    0x08008292   0x000000de   Code   RO         1810    .text               mf_w.l(ddiv.o)
    0x08008370   0x00000022   Code   RO         1812    .text               mf_w.l(dflti.o)
    0x08008392   0x0000001a   Code   RO         1814    .text               mf_w.l(dfltui.o)
    0x080083ac   0x00000026   Code   RO         1816    .text               mf_w.l(f2d.o)
    0x080083d2   0x00000002   PAD
    0x080083d4   0x00000030   Code   RO         1818    .text               mf_w.l(cdcmple.o)
    0x08008404   0x00000030   Code   RO         1820    .text               mf_w.l(cdrcmple.o)
    0x08008434   0x00000038   Code   RO         1822    .text               mf_w.l(d2f.o)
    0x0800846c   0x0000002c   Code   RO         1839    .text               mc_w.l(uidiv.o)
    0x08008498   0x00000062   Code   RO         1841    .text               mc_w.l(uldiv.o)
    0x080084fa   0x0000001e   Code   RO         1843    .text               mc_w.l(llshl.o)
    0x08008518   0x00000024   Code   RO         1845    .text               mc_w.l(llsshr.o)
    0x0800853c   0x0000009c   Code   RO         1854    .text               mc_w.l(strtod.o)
    0x080085d8   0x00000000   Code   RO         1856    .text               mc_w.l(iusefp.o)
    0x080085d8   0x0000006e   Code   RO         1857    .text               mf_w.l(fepilogue.o)
    0x08008646   0x000000ba   Code   RO         1859    .text               mf_w.l(depilogue.o)
    0x08008700   0x00000030   Code   RO         1861    .text               mf_w.l(dfixul.o)
    0x08008730   0x00000024   Code   RO         1863    .text               mc_w.l(init.o)
    0x08008754   0x00000020   Code   RO         1865    .text               mc_w.l(llushr.o)
    0x08008774   0x0000000a   Code   RO         1867    .text               mc_w.l(isspace_c.o)
    0x0800877e   0x00000002   PAD
    0x08008780   0x00000338   Code   RO         1869    .text               mc_w.l(scanf_fp.o)
    0x08008ab8   0x00000040   Code   RO         1873    .text               mc_w.l(_sgetc.o)
    0x08008af8   0x00000028   Code   RO         1875    .text               mc_w.l(ctype_c.o)
    0x08008b20   0x00000018   Code   RO         1878    .text               mf_w.l(dfltul.o)
    0x08008b38   0x00000056   Code   RO         1888    .text               mc_w.l(__dczerorl2.o)
    0x08008b8e   0x00000002   PAD
    0x08008b90   0x00000020   Code   RO         1778    i.__0printf         mc_w.l(printfa.o)
    0x08008bb0   0x00000038   Code   RO         1518    i.__hardfp_atof     m_wm.l(atof.o)
    0x08008be8   0x00000014   Code   RO         1524    i.__hardfp_fabs     m_wm.l(fabs.o)
    0x08008bfc   0x0000000c   Code   RO         1848    i.__read_errno      mc_w.l(errno.o)
    0x08008c08   0x0000000e   Code   RO         1882    i.__scatterload_copy  mc_w.l(handlers.o)
    0x08008c16   0x00000002   Code   RO         1883    i.__scatterload_null  mc_w.l(handlers.o)
    0x08008c18   0x0000000e   Code   RO         1884    i.__scatterload_zeroinit  mc_w.l(handlers.o)
    0x08008c26   0x00000002   PAD
    0x08008c28   0x0000000c   Code   RO         1849    i.__set_errno       mc_w.l(errno.o)
    0x08008c34   0x00000164   Code   RO         1785    i._fp_digits        mc_w.l(printfa.o)
    0x08008d98   0x0000000e   Code   RO         1871    i._is_digit         mc_w.l(scanf_fp.o)
    0x08008da6   0x00000002   PAD
    0x08008da8   0x000006dc   Code   RO         1786    i._printf_core      mc_w.l(printfa.o)
    0x08009484   0x00000024   Code   RO         1787    i._printf_post_padding  mc_w.l(printfa.o)
    0x080094a8   0x0000002e   Code   RO         1788    i._printf_pre_padding  mc_w.l(printfa.o)
    0x080094d6   0x0000000a   Data   RO          302    .constdata          24l01.o
    0x080094e0   0x0000001f   Data   RO          562    .constdata          imu.o
    0x080094ff   0x00000040   Data   RO         1876    .constdata          mc_w.l(ctype_c.o)
    0x0800953f   0x00000001   PAD
    0x08009540   0x00000002   Data   RO          333    .conststring        rtk.o
    0x08009542   0x00000002   PAD
    0x08009544   0x00000020   Data   RO         1880    Region$$Table       anon$$obj.o


    Execution Region RW_IRAM1 (Base: 0x20000000, Size: 0x00000930, Max: 0x00020000, ABSOLUTE, COMPRESSED[0x0000009c])

    Base Addr    Size         Type   Attr      Idx    E Section Name        Object

    0x20000000   0x00000014   Data   RW          255    .data               system_stm32f4xx.o
    0x20000014   0x00000037   Data   RW          303    .data               24l01.o
    0x2000004b   0x00000001   PAD
    0x2000004c   0x00000016   Data   RW          334    .data               rtk.o
    0x20000062   0x00000006   Data   RW          361    .data               usart2.o
    0x20000068   0x00000006   Data   RW          407    .data               key.o
    0x2000006e   0x00000002   PAD
    0x20000070   0x00000014   Data   RW          435    .data               ltc2944.o
    0x20000084   0x00000015   Data   RW          509    .data               usart.o
    0x20000099   0x00000003   PAD
    0x2000009c   0x00000031   Data   RW          535    .data               tim4.o
    0x200000cd   0x00000001   PAD
    0x200000ce   0x00000005   Data   RW          589    .data               usart6.o
    0x200000d3   0x00000010   Data   RW          663    .data               stm32f4xx_rcc.o
    0x200000e3   0x00000001   PAD
    0x200000e4   0x00000004   Data   RW         1295    .data               common.o
    0x200000e8   0x00000014   Data   RW         1321    .data               adc.o
    0x200000fc   0x000000ac   Data   RW         1370    .data               motor.o
    0x200001a8   0x00000064   Data   RW         1432    .data               pid.o
    0x2000020c   0x00000008   Data   RW         1455    .data               timer.o
    0x20000214   0x00000004   Data   RW         1538    .data               mc_w.l(strtok.o)
    0x20000218   0x00000004   Data   RW         1838    .data               mc_w.l(stdout.o)
    0x2000021c   0x00000004   Data   RW         1850    .data               mc_w.l(errno.o)
    0x20000220   0x0000005e   Zero   RW          301    .bss                24l01.o
    0x2000027e   0x000000c8   Zero   RW          360    .bss                usart2.o
    0x20000346   0x00000002   PAD
    0x20000348   0x00000018   Zero   RW          433    .bss                ltc2944.o
    0x20000360   0x00000028   Zero   RW          507    .bss                usart.o
    0x20000388   0x00000030   Zero   RW          561    .bss                imu.o
    0x200003b8   0x000000a0   Zero   RW         1320    .bss                adc.o
    0x20000458   0x000000d8   Zero   RW         1344    .bss                init.o
    0x20000530   0x00000400   Zero   RW          245    STACK               startup_stm32f40_41xxx.o


==============================================================================

Image component sizes


      Code (inc. data)   RO Data    RW Data    ZI Data      Debug   Object Name

      2452        200         10         55         94       9261   24l01.o
      1000         98          0         20        160       2808   adc.o
       408          8          0          0          0       2426   bsp_debug_usart.o
       796         40          0          4          0       2594   common.o
       316          6          0          0          0       1765   dma.o
      1216         70         31          0         48       4829   imu.o
       412         14          0          0        216       1838   init.o
       248         28          0          6          0       1235   key.o
      1216         72          0         20         24       9033   ltc2944.o
       516         14          0          0          0       2047   ltciic.o
       292         74          0          0          0     331995   main.o
       224         20          0          0          0       1877   misc.o
      3908        420          0        172          0       7201   motor.o
      2528         44          0        100          0       2971   pid.o
       212         42          2         22          0       1221   rtk.o
       280          8          0          0          0       1061   spi.o
        36          8        392          0       1024        860   startup_stm32f40_41xxx.o
      1124         24          0          0          0      10554   stm32f4xx_adc.o
       936         32          0          0          0       6353   stm32f4xx_dma.o
       272         10          0          0          0       2323   stm32f4xx_exti.o
      1684         28          0          0          0       9218   stm32f4xx_flash.o
       660         44          0          0          0       4153   stm32f4xx_gpio.o
        26          0          0          0          0       1250   stm32f4xx_it.o
        64          6          0          0          0       1357   stm32f4xx_iwdg.o
      1628         52          0         16          0      12960   stm32f4xx_rcc.o
      1152         36          0          0          0       6905   stm32f4xx_spi.o
       148         12          0          0          0       1869   stm32f4xx_syscfg.o
      3234         60          0          0          0      22360   stm32f4xx_tim.o
      1108         34          0          0          0       7856   stm32f4xx_usart.o
       312         46          0          0          0       2057   stmflash.o
       528         46          0         20          0       1919   system_stm32f4xx.o
       864         72          0         49          0       2447   tim4.o
       936         34          0          8          0       2994   timer.o
       620         76          0         21         40       2187   usart.o
       556         44          0          6        200       1996   usart2.o
       352         38          0          5          0       2701   usart6.o
        44          0          0          0          0        674   wdg.o

    ----------------------------------------------------------------------
     32312       1860        469        532       1808     489155   Object Totals
         0          0         32          0          0          0   (incl. Generated)
         4          0          2          8          2          0   (incl. Padding)

    ----------------------------------------------------------------------

      Code (inc. data)   RO Data    RW Data    ZI Data      Debug   Library Member Name

        56         12          0          0          0        132   atof.o
        20          0          0          0          0        124   fabs.o
        86          0          0          0          0          0   __dczerorl2.o
        64          0          0          0          0         84   _sgetc.o
        40          6         64          0          0         68   ctype_c.o
         0          0          0          0          0          0   entry.o
         0          0          0          0          0          0   entry10a.o
         0          0          0          0          0          0   entry11a.o
         8          4          0          0          0          0   entry2.o
         4          0          0          0          0          0   entry5.o
         0          0          0          0          0          0   entry7b.o
         0          0          0          0          0          0   entry8b.o
         8          4          0          0          0          0   entry9a.o
        24         12          0          4          0        136   errno.o
        30          0          0          0          0          0   handlers.o
        36          8          0          0          0         68   init.o
        10          0          0          0          0         68   isspace_c.o
         0          0          0          0          0          0   iusefp.o
        30          0          0          0          0         68   llshl.o
        36          0          0          0          0         68   llsshr.o
        32          0          0          0          0         68   llushr.o
        36          0          0          0          0         68   memcpya.o
        36          0          0          0          0        108   memseta.o
      2226         90          0          0          0        444   printfa.o
       838         12          0          0          0        216   scanf_fp.o
         0          0          0          4          0          0   stdout.o
       156         14          0          0          0        120   strtod.o
        68          6          0          4          0         80   strtok.o
        44          0          0          0          0         80   uidiv.o
        98          0          0          0          0         92   uldiv.o
        48          0          0          0          0         68   cdcmple.o
        48          0          0          0          0         68   cdrcmple.o
        56          0          0          0          0         88   d2f.o
       334          0          0          0          0        148   dadd.o
       222          0          0          0          0        100   ddiv.o
       186          0          0          0          0        176   depilogue.o
        48          0          0          0          0         68   dfixul.o
        34          0          0          0          0         76   dflti.o
        26          0          0          0          0         76   dfltui.o
        24          0          0          0          0         76   dfltul.o
       228          0          0          0          0         96   dmul.o
        38          0          0          0          0         68   f2d.o
       110          0          0          0          0        168   fepilogue.o

    ----------------------------------------------------------------------
      5398        168         65         12          0       3368   Library Totals
        10          0          1          0          0          0   (incl. Padding)

    ----------------------------------------------------------------------

      Code (inc. data)   RO Data    RW Data    ZI Data      Debug   Library Name

        76         12          0          0          0        256   m_wm.l
      3910        156         64         12          0       1836   mc_w.l
      1402          0          0          0          0       1276   mf_w.l

    ----------------------------------------------------------------------
      5398        168         65         12          0       3368   Library Totals

    ----------------------------------------------------------------------

==============================================================================


      Code (inc. data)   RO Data    RW Data    ZI Data      Debug   

     37710       2028        534        544       1808     483795   Grand Totals
     37710       2028        534        156       1808     483795   ELF Image Totals (compressed)
     37710       2028        534        156          0          0   ROM Totals

==============================================================================

    Total RO  Size (Code + RO Data)                38244 (  37.35kB)
    Total RW  Size (RW Data + ZI Data)              2352 (   2.30kB)
    Total ROM Size (Code + RO Data + RW Data)      38400 (  37.50kB)

==============================================================================

