<html>
<body>
<pre>
<h1>µVision Build Log</h1>
<h2>Tool Versions:</h2>
IDE-Version: ¦ÌVision V5.14.0.0
Copyright (C) 2015 ARM Ltd and ARM Germany GmbH. All rights reserved.
License Information: 1 1, 1, LIC=8MZCX-HCJA8-05BTY-IFPV3-TL524-BTCSL
 
Tool Versions:
Toolchain:       MDK-ARM Professional  Version: 5.14.0.0
Toolchain Path:  I:\stm32materials\puzhong_STM32-PZ6806Lmaterials-B\KEIL_V5\ARM\ARMCC\Bin
C Compiler:      Armcc.exe V5.05 update 1 (build 106)
Assembler:       Armasm.exe V5.05 update 1 (build 106)
Linker/Locator:  ArmLink.exe V5.05 update 1 (build 106)
Library Manager: ArmAr.exe V5.05 update 1 (build 106)
Hex Converter:   FromElf.exe V5.05 update 1 (build 106)
CPU DLL:         SARMCM3.DLL V5.14.0.0
Dialog DLL:      DCM.DLL V1.13.1.0
Target DLL:      CMSIS_AGDI.dll V1.21.0.0
Dialog DLL:      TCM.DLL V1.14.4.0
 
<h2>Project:</h2>
I:\rubbish boat\rubbish_boat\rubbish_boat_v5.5.3\Project\Template.uvprojx
Project File Date:  08/03/2021

<h2>Output:</h2>
Build target 'Target'
compiling common.c...
linking...
Program Size: Code=37710 RO-data=534 RW-data=544 ZI-data=1808  
FromELF: creating hex file...
".\OBJ\Template.axf" - 0 Error(s), 0 Warning(s).

<h2>Software Packages used:</h2>

Package Vendor: ARM
                http://www.keil.com/pack/ARM.CMSIS.4.2.0.pack
                ARM::CMSIS:CORE:3.40.0
                CMSIS (Cortex Microcontroller Software Interface Standard)
   * Component: CORE Version: 3.40.0

<h2>Collection of Component include folders:</h2>
  I:\rubbish boat\rubbish_boat\rubbish_boat_v5.5.3\Project\RTE
  I:\stm32materials\puzhong_STM32-PZ6806Lmaterials-B\KEIL_V5\ARM\PACK\ARM\CMSIS\4.2.0\CMSIS\Include
  I:\stm32materials\puzhong_STM32-PZ6806Lmaterials-B\KEIL_V5\ARM\PACK\Keil\STM32F4xx_DFP\2.15.0

<h2>Collection of Component Files used:</h2>

   * Component: ARM::CMSIS:CORE:3.40.0
      Source file:   CMSIS\UserCodeTemplates\ARM\ITM_Retarget.c
</pre>
</body>
</html>
